Archive member included to satisfy reference by file (symbol)

c:/st/stm32cubeide_1.7.0/stm32cubeide/plugins/com.st.stm32cube.ide.mcu.externaltools.gnu-tools-for-stm32.9-2020-q2-update.win32_2.0.0.202105311346/tools/bin/../lib/gcc/arm-none-eabi/9.3.1/../../../../arm-none-eabi/lib/thumb/v7-m/nofp\libc_nano.a(lib_a-errno.o)
                              ./Core/Src/syscalls.o (__errno)
c:/st/stm32cubeide_1.7.0/stm32cubeide/plugins/com.st.stm32cube.ide.mcu.externaltools.gnu-tools-for-stm32.9-2020-q2-update.win32_2.0.0.202105311346/tools/bin/../lib/gcc/arm-none-eabi/9.3.1/../../../../arm-none-eabi/lib/thumb/v7-m/nofp\libc_nano.a(lib_a-exit.o)
                              c:/st/stm32cubeide_1.7.0/stm32cubeide/plugins/com.st.stm32cube.ide.mcu.externaltools.gnu-tools-for-stm32.9-2020-q2-update.win32_2.0.0.202105311346/tools/bin/../lib/gcc/arm-none-eabi/9.3.1/../../../../arm-none-eabi/lib/thumb/v7-m/nofp/crt0.o (exit)
c:/st/stm32cubeide_1.7.0/stm32cubeide/plugins/com.st.stm32cube.ide.mcu.externaltools.gnu-tools-for-stm32.9-2020-q2-update.win32_2.0.0.202105311346/tools/bin/../lib/gcc/arm-none-eabi/9.3.1/../../../../arm-none-eabi/lib/thumb/v7-m/nofp\libc_nano.a(lib_a-impure.o)
                              c:/st/stm32cubeide_1.7.0/stm32cubeide/plugins/com.st.stm32cube.ide.mcu.externaltools.gnu-tools-for-stm32.9-2020-q2-update.win32_2.0.0.202105311346/tools/bin/../lib/gcc/arm-none-eabi/9.3.1/../../../../arm-none-eabi/lib/thumb/v7-m/nofp\libc_nano.a(lib_a-exit.o) (_global_impure_ptr)
c:/st/stm32cubeide_1.7.0/stm32cubeide/plugins/com.st.stm32cube.ide.mcu.externaltools.gnu-tools-for-stm32.9-2020-q2-update.win32_2.0.0.202105311346/tools/bin/../lib/gcc/arm-none-eabi/9.3.1/../../../../arm-none-eabi/lib/thumb/v7-m/nofp\libc_nano.a(lib_a-init.o)
                              c:/st/stm32cubeide_1.7.0/stm32cubeide/plugins/com.st.stm32cube.ide.mcu.externaltools.gnu-tools-for-stm32.9-2020-q2-update.win32_2.0.0.202105311346/tools/bin/../lib/gcc/arm-none-eabi/9.3.1/../../../../arm-none-eabi/lib/thumb/v7-m/nofp/crt0.o (__libc_init_array)
c:/st/stm32cubeide_1.7.0/stm32cubeide/plugins/com.st.stm32cube.ide.mcu.externaltools.gnu-tools-for-stm32.9-2020-q2-update.win32_2.0.0.202105311346/tools/bin/../lib/gcc/arm-none-eabi/9.3.1/../../../../arm-none-eabi/lib/thumb/v7-m/nofp\libc_nano.a(lib_a-memset.o)
                              c:/st/stm32cubeide_1.7.0/stm32cubeide/plugins/com.st.stm32cube.ide.mcu.externaltools.gnu-tools-for-stm32.9-2020-q2-update.win32_2.0.0.202105311346/tools/bin/../lib/gcc/arm-none-eabi/9.3.1/../../../../arm-none-eabi/lib/thumb/v7-m/nofp/crt0.o (memset)
c:/st/stm32cubeide_1.7.0/stm32cubeide/plugins/com.st.stm32cube.ide.mcu.externaltools.gnu-tools-for-stm32.9-2020-q2-update.win32_2.0.0.202105311346/tools/bin/../lib/gcc/arm-none-eabi/9.3.1/../../../../arm-none-eabi/lib/thumb/v7-m/nofp\libc_nano.a(lib_a-sprintf.o)
                              ./Core/Src/main.o (sprintf)
c:/st/stm32cubeide_1.7.0/stm32cubeide/plugins/com.st.stm32cube.ide.mcu.externaltools.gnu-tools-for-stm32.9-2020-q2-update.win32_2.0.0.202105311346/tools/bin/../lib/gcc/arm-none-eabi/9.3.1/../../../../arm-none-eabi/lib/thumb/v7-m/nofp\libc_nano.a(lib_a-nano-svfprintf.o)
                              c:/st/stm32cubeide_1.7.0/stm32cubeide/plugins/com.st.stm32cube.ide.mcu.externaltools.gnu-tools-for-stm32.9-2020-q2-update.win32_2.0.0.202105311346/tools/bin/../lib/gcc/arm-none-eabi/9.3.1/../../../../arm-none-eabi/lib/thumb/v7-m/nofp\libc_nano.a(lib_a-sprintf.o) (_svfprintf_r)
c:/st/stm32cubeide_1.7.0/stm32cubeide/plugins/com.st.stm32cube.ide.mcu.externaltools.gnu-tools-for-stm32.9-2020-q2-update.win32_2.0.0.202105311346/tools/bin/../lib/gcc/arm-none-eabi/9.3.1/../../../../arm-none-eabi/lib/thumb/v7-m/nofp\libc_nano.a(lib_a-nano-vfprintf_i.o)
                              c:/st/stm32cubeide_1.7.0/stm32cubeide/plugins/com.st.stm32cube.ide.mcu.externaltools.gnu-tools-for-stm32.9-2020-q2-update.win32_2.0.0.202105311346/tools/bin/../lib/gcc/arm-none-eabi/9.3.1/../../../../arm-none-eabi/lib/thumb/v7-m/nofp\libc_nano.a(lib_a-nano-svfprintf.o) (_printf_i)
c:/st/stm32cubeide_1.7.0/stm32cubeide/plugins/com.st.stm32cube.ide.mcu.externaltools.gnu-tools-for-stm32.9-2020-q2-update.win32_2.0.0.202105311346/tools/bin/../lib/gcc/arm-none-eabi/9.3.1/../../../../arm-none-eabi/lib/thumb/v7-m/nofp\libc_nano.a(lib_a-memchr-stub.o)
                              c:/st/stm32cubeide_1.7.0/stm32cubeide/plugins/com.st.stm32cube.ide.mcu.externaltools.gnu-tools-for-stm32.9-2020-q2-update.win32_2.0.0.202105311346/tools/bin/../lib/gcc/arm-none-eabi/9.3.1/../../../../arm-none-eabi/lib/thumb/v7-m/nofp\libc_nano.a(lib_a-nano-svfprintf.o) (memchr)
c:/st/stm32cubeide_1.7.0/stm32cubeide/plugins/com.st.stm32cube.ide.mcu.externaltools.gnu-tools-for-stm32.9-2020-q2-update.win32_2.0.0.202105311346/tools/bin/../lib/gcc/arm-none-eabi/9.3.1/../../../../arm-none-eabi/lib/thumb/v7-m/nofp\libc_nano.a(lib_a-memcpy-stub.o)
[...]
Memory Configuration

Name             Origin             Length             Attributes
RAM              0x0000000020000000 0x0000000000005000 xrw
FLASH            0x0000000008000000 0x0000000000020000 xr
*default*        0x0000000000000000 0xffffffffffffffff

Linker script and memory map

LOAD c:/st/stm32cubeide_1.7.0/stm32cubeide/plugins/com.st.stm32cube.ide.mcu.externaltools.gnu-tools-for-stm32.9-2020-q2-update.win32_2.0.0.202105311346/tools/bin/../lib/gcc/arm-none-eabi/9.3.1/thumb/v7-m/nofp/crti.o
LOAD c:/st/stm32cubeide_1.7.0/stm32cubeide/plugins/com.st.stm32cube.ide.mcu.externaltools.gnu-tools-for-stm32.9-2020-q2-update.win32_2.0.0.202105311346/tools/bin/../lib/gcc/arm-none-eabi/9.3.1/thumb/v7-m/nofp/crtbegin.o
LOAD c:/st/stm32cubeide_1.7.0/stm32cubeide/plugins/com.st.stm32cube.ide.mcu.externaltools.gnu-tools-for-stm32.9-2020-q2-update.win32_2.0.0.202105311346/tools/bin/../lib/gcc/arm-none-eabi/9.3.1/../../../../arm-none-eabi/lib/thumb/v7-m/nofp/crt0.o
LOAD ./Core/Src/auto_fsm.o
LOAD ./Core/Src/button.o
LOAD ./Core/Src/buzzer.o
LOAD ./Core/Src/global.o
LOAD ./Core/Src/main.o
LOAD ./Core/Src/man_fsm.o
LOAD ./Core/Src/pdtlight.o
LOAD ./Core/Src/ped_fsm.o
LOAD ./Core/Src/software_timer.o
LOAD ./Core/Src/stm32f1xx_hal_msp.o
LOAD ./Core/Src/stm32f1xx_it.o
LOAD ./Core/Src/syscalls.o
LOAD ./Core/Src/sysmem.o
LOAD ./Core/Src/system_stm32f1xx.o
LOAD ./Core/Src/task.o
LOAD ./Core/Src/traffic1.o
LOAD ./Core/Src/traffic2.o
LOAD ./Core/Src/tun_fsm.o
LOAD ./Core/Startup/startup_stm32f103rbtx.o
LOAD ./Drivers/STM32F1xx_HAL_Driver/Src/stm32f1xx_hal.o
LOAD ./Drivers/STM32F1xx_HAL_Driver/Src/stm32f1xx_hal_cortex.o
LOAD ./Drivers/STM32F1xx_HAL_Driver/Src/stm32f1xx_hal_dma.o
LOAD ./Drivers/STM32F1xx_HAL_Driver/Src/stm32f1xx_hal_exti.o
LOAD ./Drivers/STM32F1xx_HAL_Driver/Src/stm32f1xx_hal_flash.o
LOAD ./Drivers/STM32F1xx_HAL_Driver/Src/stm32f1xx_hal_flash_ex.o
LOAD ./Drivers/STM32F1xx_HAL_Driver/Src/stm32f1xx_hal_gpio.o
LOAD ./Drivers/STM32F1xx_HAL_Driver/Src/stm32f1xx_hal_gpio_ex.o
LOAD ./Drivers/STM32F1xx_HAL_Driver/Src/stm32f1xx_hal_pwr.o
LOAD ./Drivers/STM32F1xx_HAL_Driver/Src/stm32f1xx_hal_rcc.o
LOAD ./Drivers/STM32F1xx_HAL_Driver/Src/stm32f1xx_hal_rcc_ex.o
LOAD ./Drivers/STM32F1xx_HAL_Driver/Src/stm32f1xx_hal_tim.o
LOAD ./Drivers/STM32F1xx_HAL_Driver/Src/stm32f1xx_hal_tim_ex.o
LOAD ./Drivers/STM32F1xx_HAL_Driver/Src/stm32f1xx_hal_uart.o
START GROUP
LOAD c:/st/stm32cubeide_1.7.0/stm32cubeide/plugins/com.st.stm32cube.ide.mcu.externaltools.gnu-tools-for-stm32.9-2020-q2-update.win32_2.0.0.202105311346/tools/bin/../lib/gcc/arm-none-eabi/9.3.1/../../../../arm-none-eabi/lib/thumb/v7-m/nofp\libc_nano.a
LOAD c:/st/stm32cubeide_1.7.0/stm32cubeide/plugins/com.st.stm32cube.ide.mcu.externaltools.gnu-tools-for-stm32.9-2020-q2-update.win32_2.0.0.202105311346/tools/bin/../lib/gcc/arm-none-eabi/9.3.1/../../../../arm-none-eabi/lib/thumb/v7-m/nofp\libm.a
END GROUP
START GROUP
LOAD c:/st/stm32cubeide_1.7.0/stm32cubeide/plugins/com.st.stm32cube.ide.mcu.externaltools.gnu-tools-for-stm32.9-2020-q2-update.win32_2.0.0.202105311346/tools/bin/../lib/gcc/arm-none-eabi/9.3.1/thumb/v7-m/nofp\libgcc.a
LOAD c:/st/stm32cubeide_1.7.0/stm32cubeide/plugins/com.st.stm32cube.ide.mcu.externaltools.gnu-tools-for-stm32.9-2020-q2-update.win32_2.0.0.202105311346/tools/bin/../lib/gcc/arm-none-eabi/9.3.1/../../../../arm-none-eabi/lib/thumb/v7-m/nofp\libc_nano.a
END GROUP
START GROUP
LOAD c:/st/stm32cubeide_1.7.0/stm32cubeide/plugins/com.st.stm32cube.ide.mcu.externaltools.gnu-tools-for-stm32.9-2020-q2-update.win32_2.0.0.202105311346/tools/bin/../lib/gcc/arm-none-eabi/9.3.1/thumb/v7-m/nofp\libgcc.a
LOAD c:/st/stm32cubeide_1.7.0/stm32cubeide/plugins/com.st.stm32cube.ide.mcu.externaltools.gnu-tools-for-stm32.9-2020-q2-update.win32_2.0.0.202105311346/tools/bin/../lib/gcc/arm-none-eabi/9.3.1/../../../../arm-none-eabi/lib/thumb/v7-m/nofp\libc_nano.a
LOAD c:/st/stm32cubeide_1.7.0/stm32cubeide/plugins/com.st.stm32cube.ide.mcu.externaltools.gnu-tools-for-stm32.9-2020-q2-update.win32_2.0.0.202105311346/tools/bin/../lib/gcc/arm-none-eabi/9.3.1/../../../../arm-none-eabi/lib/thumb/v7-m/nofp\libnosys.a
END GROUP
START GROUP
LOAD c:/st/stm32cubeide_1.7.0/stm32cubeide/plugins/com.st.stm32cube.ide.mcu.externaltools.gnu-tools-for-stm32.9-2020-q2-update.win32_2.0.0.202105311346/tools/bin/../lib/gcc/arm-none-eabi/9.3.1/thumb/v7-m/nofp\libgcc.a
LOAD c:/st/stm32cubeide_1.7.0/stm32cubeide/plugins/com.st.stm32cube.ide.mcu.externaltools.gnu-tools-for-stm32.9-2020-q2-update.win32_2.0.0.202105311346/tools/bin/../lib/gcc/arm-none-eabi/9.3.1/../../../../arm-none-eabi/lib/thumb/v7-m/nofp\libc_nano.a
LOAD c:/st/stm32cubeide_1.7.0/stm32cubeide/plugins/com.st.stm32cube.ide.mcu.externaltools.gnu-tools-for-stm32.9-2020-q2-update.win32_2.0.0.202105311346/tools/bin/../lib/gcc/arm-none-eabi/9.3.1/../../../../arm-none-eabi/lib/thumb/v7-m/nofp\libnosys.a
END GROUP
LOAD c:/st/stm32cubeide_1.7.0/stm32cubeide/plugins/com.st.stm32cube.ide.mcu.externaltools.gnu-tools-for-stm32.9-2020-q2-update.win32_2.0.0.202105311346/tools/bin/../lib/gcc/arm-none-eabi/9.3.1/thumb/v7-m/nofp/crtend.o
LOAD c:/st/stm32cubeide_1.7.0/stm32cubeide/plugins/com.st.stm32cube.ide.mcu.externaltools.gnu-tools-for-stm32.9-2020-q2-update.win32_2.0.0.202105311346/tools/bin/../lib/gcc/arm-none-eabi/9.3.1/thumb/v7-m/nofp/crtn.o
                0x0000000020005000                _estack = (ORIGIN (RAM) + LENGTH (RAM))
                0x0000000000000200                _Min_Heap_Size = 0x200
                0x0000000000000400                _Min_Stack_Size = 0x400

.isr_vector     0x0000000008000000      0x10c
                0x0000000008000000                . = ALIGN (0x4)
 *(.isr_vector)
 .isr_vector    0x0000000008000000      0x10c ./Core/Startup/startup_stm32f103rbtx.o
                0x0000000008000000                g_pfnVectors
                0x000000000800010c                . = ALIGN (0x4)

.text           0x000000000800010c     0x47f0
                0x000000000800010c                . = ALIGN (0x4)
 *(.text)
 .text          0x000000000800010c       0x40 c:/st/stm32cubeide_1.7.0/stm32cubeide/plugins/com.st.stm32cube.ide.mcu.externaltools.gnu-tools-for-stm32.9-2020-q2-update.win32_2.0.0.202105311346/tools/bin/../lib/gcc/arm-none-eabi/9.3.1/thumb/v7-m/nofp/crtbegin.o
 *(.text*)
 .text.auto_fsm_run
                0x000000000800014c      0x178 ./Core/Src/auto_fsm.o
                0x000000000800014c                auto_fsm_run
 .text.SubKeyProcess1
                0x00000000080002c4       0x18 ./Core/Src/button.o
                0x00000000080002c4                SubKeyProcess1
 .text.SubKeyProcess2
                0x00000000080002dc       0x18 ./Core/Src/button.o
                0x00000000080002dc                SubKeyProcess2
 .text.SubKeyProcess3
                0x00000000080002f4       0x18 ./Core/Src/button.o
                0x00000000080002f4                SubKeyProcess3
 .text.SubKeyProcess4
                0x000000000800030c       0x18 ./Core/Src/button.o
                0x000000000800030c                SubKeyProcess4
 .text.Button1_Is_Pressed
                0x0000000008000324       0x24 ./Core/Src/button.o
                0x0000000008000324                Button1_Is_Pressed
 .text.Button2_Is_Pressed
                0x0000000008000348       0x24 ./Core/Src/button.o
                0x0000000008000348                Button2_Is_Pressed
 .text.Button3_Is_Pressed
                0x000000000800036c       0x24 ./Core/Src/button.o
                0x000000000800036c                Button3_Is_Pressed
 .text.Button4_Is_Pressed
                0x0000000008000390       0x24 ./Core/Src/button.o
                0x0000000008000390                Button4_Is_Pressed
 .text.GetKeyInput1
                0x00000000080003b4       0x98 ./Core/Src/button.o
                0x00000000080003b4                GetKeyInput1
 .text.GetKeyInput2
                0x000000000800044c       0x98 ./Core/Src/button.o
                0x000000000800044c                GetKeyInput2
 .text.GetKeyInput3
                0x00000000080004e4       0x98 ./Core/Src/button.o
                0x00000000080004e4                GetKeyInput3
 .text.GetKeyInput4
                0x000000000800057c       0x98 ./Core/Src/button.o
                0x000000000800057c                GetKeyInput4
 .text.buzzer_ring
                0x0000000008000614       0x18 ./Core/Src/buzzer.o
                0x0000000008000614                buzzer_ring
 .text.buzzer_off
                0x000000000800062c       0x18 ./Core/Src/buzzer.o
                0x000000000800062c                buzzer_off
 .text.command_parser_fsm
                0x0000000008000644       0xf4 ./Core/Src/main.o
                0x0000000008000644                command_parser_fsm
 .text.uart_communiation_fsm
                0x0000000008000738       0xdc ./Core/Src/main.o
                0x0000000008000738                uart_communiation_fsm
 .text.HAL_UART_RxCpltCallback
                0x0000000008000814       0x74 ./Core/Src/main.o
                0x0000000008000814                HAL_UART_RxCpltCallback
 .text.main     0x0000000008000888       0x68 ./Core/Src/main.o
                0x0000000008000888                main
 .text.SystemClock_Config
                0x00000000080008f0       0x82 ./Core/Src/main.o
                0x00000000080008f0                SystemClock_Config
 *fill*         0x0000000008000972        0x2 
 .text.MX_TIM2_Init
                0x0000000008000974       0x98 ./Core/Src/main.o
 .text.MX_TIM3_Init
                0x0000000008000a0c       0xec ./Core/Src/main.o
 .text.MX_USART2_UART_Init
                0x0000000008000af8       0x54 ./Core/Src/main.o
 .text.MX_GPIO_Init
                0x0000000008000b4c       0xdc ./Core/Src/main.o
 .text.HAL_TIM_PeriodElapsedCallback
                0x0000000008000c28       0x24 ./Core/Src/main.o
                0x0000000008000c28                HAL_TIM_PeriodElapsedCallback
 .text.Error_Handler
                0x0000000008000c4c        0xa ./Core/Src/main.o
                0x0000000008000c4c                Error_Handler
 *fill*         0x0000000008000c56        0x2 
 .text.man_fsm_run
                0x0000000008000c58      0x1a4 ./Core/Src/man_fsm.o
                0x0000000008000c58                man_fsm_run
 .text.RED_3    0x0000000008000dfc       0x28 ./Core/Src/pdtlight.o
                0x0000000008000dfc                RED_3
 .text.GREEN_3  0x0000000008000e24       0x28 ./Core/Src/pdtlight.o
                0x0000000008000e24                GREEN_3
 .text.Traffic3_Off
                0x0000000008000e4c       0x28 ./Core/Src/pdtlight.o
                0x0000000008000e4c                Traffic3_Off
 .text.ped_fsm_run
                0x0000000008000e74       0x9c ./Core/Src/ped_fsm.o
                0x0000000008000e74                ped_fsm_run
 .text.SetTimer1
                0x0000000008000f10       0x38 ./Core/Src/software_timer.o
                0x0000000008000f10                SetTimer1
 .text.SetTimer2
                0x0000000008000f48       0x38 ./Core/Src/software_timer.o
                0x0000000008000f48                SetTimer2
 .text.SetTimer3
                0x0000000008000f80       0x38 ./Core/Src/software_timer.o
                0x0000000008000f80                SetTimer3
 .text.SetTimer4
                0x0000000008000fb8       0x38 ./Core/Src/software_timer.o
                0x0000000008000fb8                SetTimer4
 .text.SetTimer5
                0x0000000008000ff0       0x38 ./Core/Src/software_timer.o
                0x0000000008000ff0                SetTimer5
 .text.TimerRun
                0x0000000008001028       0xd4 ./Core/Src/software_timer.o
                0x0000000008001028                TimerRun
 .text.HAL_MspInit
                0x00000000080010fc       0x64 ./Core/Src/stm32f1xx_hal_msp.o
                0x00000000080010fc                HAL_MspInit
 .text.HAL_TIM_Base_MspInit
                0x0000000008001160       0x70 ./Core/Src/stm32f1xx_hal_msp.o
                0x0000000008001160                HAL_TIM_Base_MspInit
 .text.HAL_TIM_MspPostInit
                0x00000000080011d0       0x64 ./Core/Src/stm32f1xx_hal_msp.o
                0x00000000080011d0                HAL_TIM_MspPostInit
 .text.HAL_UART_MspInit
                0x0000000008001234       0xa4 ./Core/Src/stm32f1xx_hal_msp.o
                0x0000000008001234                HAL_UART_MspInit
 .text.NMI_Handler
                0x00000000080012d8        0x6 ./Core/Src/stm32f1xx_it.o
                0x00000000080012d8                NMI_Handler
 .text.HardFault_Handler
                0x00000000080012de        0x6 ./Core/Src/stm32f1xx_it.o
                0x00000000080012de                HardFault_Handler
 .text.MemManage_Handler
                0x00000000080012e4        0x6 ./Core/Src/stm32f1xx_it.o
                0x00000000080012e4                MemManage_Handler
 .text.BusFault_Handler
                0x00000000080012ea        0x6 ./Core/Src/stm32f1xx_it.o
                0x00000000080012ea                BusFault_Handler
 .text.UsageFault_Handler
                0x00000000080012f0        0x6 ./Core/Src/stm32f1xx_it.o
                0x00000000080012f0                UsageFault_Handler
 .text.SVC_Handler
                0x00000000080012f6        0xc ./Core/Src/stm32f1xx_it.o
                0x00000000080012f6                SVC_Handler
 .text.DebugMon_Handler
                0x0000000008001302        0xc ./Core/Src/stm32f1xx_it.o
                0x0000000008001302                DebugMon_Handler
 .text.PendSV_Handler
                0x000000000800130e        0xc ./Core/Src/stm32f1xx_it.o
                0x000000000800130e                PendSV_Handler
 .text.SysTick_Handler
                0x000000000800131a        0xc ./Core/Src/stm32f1xx_it.o
                0x000000000800131a                SysTick_Handler
 *fill*         0x0000000008001326        0x2 
 .text.TIM2_IRQHandler
                0x0000000008001328       0x14 ./Core/Src/stm32f1xx_it.o
                0x0000000008001328                TIM2_IRQHandler
 .text.USART2_IRQHandler
                0x000000000800133c       0x14 ./Core/Src/stm32f1xx_it.o
                0x000000000800133c                USART2_IRQHandler
 .text._sbrk    0x0000000008001350       0x6c ./Core/Src/sysmem.o
                0x0000000008001350                _sbrk
 .text.SystemInit
                0x00000000080013bc        0xc ./Core/Src/system_stm32f1xx.o
                0x00000000080013bc                SystemInit
 .text.RED_1    0x00000000080013c8       0x28 ./Core/Src/traffic1.o
                0x00000000080013c8                RED_1
 .text.YELLOW_1
                0x00000000080013f0       0x28 ./Core/Src/traffic1.o
                0x00000000080013f0                YELLOW_1
 .text.GREEN_1  0x0000000008001418       0x28 ./Core/Src/traffic1.o
                0x0000000008001418                GREEN_1
 .text.Traffic1_Off
                0x0000000008001440       0x28 ./Core/Src/traffic1.o
                0x0000000008001440                Traffic1_Off
 .text.RED_2    0x0000000008001468       0x20 ./Core/Src/traffic2.o
                0x0000000008001468                RED_2
 .text.YELLOW_2
                0x0000000008001488       0x20 ./Core/Src/traffic2.o
                0x0000000008001488                YELLOW_2
 .text.GREEN_2  0x00000000080014a8       0x20 ./Core/Src/traffic2.o
                0x00000000080014a8                GREEN_2
 .text.Traffic2_Off
                0x00000000080014c8       0x20 ./Core/Src/traffic2.o
                0x00000000080014c8                Traffic2_Off
 .text.tun_fsm_run
                0x00000000080014e8      0x1d0 ./Core/Src/tun_fsm.o
                0x00000000080014e8                tun_fsm_run
 .text.Reset_Handler
                0x00000000080016b8       0x48 ./Core/Startup/startup_stm32f103rbtx.o
                0x00000000080016b8                Reset_Handler
 .text.Default_Handler
                0x0000000008001700        0x2 ./Core/Startup/startup_stm32f103rbtx.o
                0x0000000008001700                RTC_Alarm_IRQHandler
                0x0000000008001700                EXTI2_IRQHandler
                0x0000000008001700                TIM1_CC_IRQHandler
                0x0000000008001700                PVD_IRQHandler
                0x0000000008001700                EXTI3_IRQHandler
                0x0000000008001700                EXTI0_IRQHandler
                0x0000000008001700                I2C2_EV_IRQHandler
                0x0000000008001700                ADC1_2_IRQHandler
                0x0000000008001700                SPI1_IRQHandler
                0x0000000008001700                TAMPER_IRQHandler
                0x0000000008001700                DMA1_Channel4_IRQHandler
                0x0000000008001700                USART3_IRQHandler
                0x0000000008001700                RTC_IRQHandler
                0x0000000008001700                DMA1_Channel7_IRQHandler
                0x0000000008001700                CAN1_RX1_IRQHandler
                0x0000000008001700                TIM4_IRQHandler
                0x0000000008001700                I2C1_EV_IRQHandler
                0x0000000008001700                DMA1_Channel6_IRQHandler
                0x0000000008001700                TIM3_IRQHandler
                0x0000000008001700                RCC_IRQHandler
                0x0000000008001700                TIM1_TRG_COM_IRQHandler
                0x0000000008001700                DMA1_Channel1_IRQHandler
                0x0000000008001700                Default_Handler
                0x0000000008001700                EXTI15_10_IRQHandler
                0x0000000008001700                EXTI9_5_IRQHandler
                0x0000000008001700                SPI2_IRQHandler
                0x0000000008001700                DMA1_Channel5_IRQHandler
                0x0000000008001700                EXTI4_IRQHandler
                0x0000000008001700                USB_LP_CAN1_RX0_IRQHandler
                0x0000000008001700                USB_HP_CAN1_TX_IRQHandler
                0x0000000008001700                DMA1_Channel3_IRQHandler
                0x0000000008001700                TIM1_UP_IRQHandler
                0x0000000008001700                WWDG_IRQHandler
                0x0000000008001700                TIM1_BRK_IRQHandler
                0x0000000008001700                EXTI1_IRQHandler
                0x0000000008001700                I2C2_ER_IRQHandler
                0x0000000008001700                DMA1_Channel2_IRQHandler
                0x0000000008001700                CAN1_SCE_IRQHandler
                0x0000000008001700                FLASH_IRQHandler
                0x0000000008001700                USART1_IRQHandler
                0x0000000008001700                I2C1_ER_IRQHandler
                0x0000000008001700                USBWakeUp_IRQHandler
 *fill*         0x0000000008001702        0x2 
 .text.HAL_Init
                0x0000000008001704       0x2c ./Drivers/STM32F1xx_HAL_Driver/Src/stm32f1xx_hal.o
                0x0000000008001704                HAL_Init
 .text.HAL_InitTick
                0x0000000008001730       0x60 ./Drivers/STM32F1xx_HAL_Driver/Src/stm32f1xx_hal.o
                0x0000000008001730                HAL_InitTick
 .text.HAL_IncTick
                0x0000000008001790       0x24 ./Drivers/STM32F1xx_HAL_Driver/Src/stm32f1xx_hal.o
                0x0000000008001790                HAL_IncTick
 .text.HAL_GetTick
                0x00000000080017b4       0x14 ./Drivers/STM32F1xx_HAL_Driver/Src/stm32f1xx_hal.o
                0x00000000080017b4                HAL_GetTick
 .text.__NVIC_SetPriorityGrouping
                0x00000000080017c8       0x48 ./Drivers/STM32F1xx_HAL_Driver/Src/stm32f1xx_hal_cortex.o
 .text.__NVIC_GetPriorityGrouping
                0x0000000008001810       0x1c ./Drivers/STM32F1xx_HAL_Driver/Src/stm32f1xx_hal_cortex.o
 .text.__NVIC_EnableIRQ
                0x000000000800182c       0x38 ./Drivers/STM32F1xx_HAL_Driver/Src/stm32f1xx_hal_cortex.o
 .text.__NVIC_SetPriority
                0x0000000008001864       0x54 ./Drivers/STM32F1xx_HAL_Driver/Src/stm32f1xx_hal_cortex.o
 .text.NVIC_EncodePriority
                0x00000000080018b8       0x64 ./Drivers/STM32F1xx_HAL_Driver/Src/stm32f1xx_hal_cortex.o
 .text.SysTick_Config
                0x000000000800191c       0x44 ./Drivers/STM32F1xx_HAL_Driver/Src/stm32f1xx_hal_cortex.o
 .text.HAL_NVIC_SetPriorityGrouping
                0x0000000008001960       0x16 ./Drivers/STM32F1xx_HAL_Driver/Src/stm32f1xx_hal_cortex.o
                0x0000000008001960                HAL_NVIC_SetPriorityGrouping
 .text.HAL_NVIC_SetPriority
                0x0000000008001976       0x38 ./Drivers/STM32F1xx_HAL_Driver/Src/stm32f1xx_hal_cortex.o
                0x0000000008001976                HAL_NVIC_SetPriority
 .text.HAL_NVIC_EnableIRQ
                0x00000000080019ae       0x1c ./Drivers/STM32F1xx_HAL_Driver/Src/stm32f1xx_hal_cortex.o
                0x00000000080019ae                HAL_NVIC_EnableIRQ
 .text.HAL_SYSTICK_Config
                0x00000000080019ca       0x18 ./Drivers/STM32F1xx_HAL_Driver/Src/stm32f1xx_hal_cortex.o
                0x00000000080019ca                HAL_SYSTICK_Config
 .text.HAL_DMA_Abort
                0x00000000080019e2       0x74 ./Drivers/STM32F1xx_HAL_Driver/Src/stm32f1xx_hal_dma.o
                0x00000000080019e2                HAL_DMA_Abort
 *fill*         0x0000000008001a56        0x2 
 .text.HAL_DMA_Abort_IT
                0x0000000008001a58       0xec ./Drivers/STM32F1xx_HAL_Driver/Src/stm32f1xx_hal_dma.o
                0x0000000008001a58                HAL_DMA_Abort_IT
 .text.HAL_GPIO_Init
                0x0000000008001b44      0x308 ./Drivers/STM32F1xx_HAL_Driver/Src/stm32f1xx_hal_gpio.o
                0x0000000008001b44                HAL_GPIO_Init
 .text.HAL_GPIO_ReadPin
                0x0000000008001e4c       0x2e ./Drivers/STM32F1xx_HAL_Driver/Src/stm32f1xx_hal_gpio.o
                0x0000000008001e4c                HAL_GPIO_ReadPin
 .text.HAL_GPIO_WritePin
                0x0000000008001e7a       0x30 ./Drivers/STM32F1xx_HAL_Driver/Src/stm32f1xx_hal_gpio.o
                0x0000000008001e7a                HAL_GPIO_WritePin
 *fill*         0x0000000008001eaa        0x2 
 .text.HAL_RCC_OscConfig
                0x0000000008001eac      0x500 ./Drivers/STM32F1xx_HAL_Driver/Src/stm32f1xx_hal_rcc.o
                0x0000000008001eac                HAL_RCC_OscConfig
 .text.HAL_RCC_ClockConfig
                0x00000000080023ac      0x1d4 ./Drivers/STM32F1xx_HAL_Driver/Src/stm32f1xx_hal_rcc.o
                0x00000000080023ac                HAL_RCC_ClockConfig
 .text.HAL_RCC_GetSysClockFreq
                0x0000000008002580       0xc0 ./Drivers/STM32F1xx_HAL_Driver/Src/stm32f1xx_hal_rcc.o
                0x0000000008002580                HAL_RCC_GetSysClockFreq
 .text.HAL_RCC_GetHCLKFreq
                0x0000000008002640       0x14 ./Drivers/STM32F1xx_HAL_Driver/Src/stm32f1xx_hal_rcc.o
                0x0000000008002640                HAL_RCC_GetHCLKFreq
 .text.HAL_RCC_GetPCLK1Freq
                0x0000000008002654       0x28 ./Drivers/STM32F1xx_HAL_Driver/Src/stm32f1xx_hal_rcc.o
                0x0000000008002654                HAL_RCC_GetPCLK1Freq
 .text.HAL_RCC_GetPCLK2Freq
                0x000000000800267c       0x28 ./Drivers/STM32F1xx_HAL_Driver/Src/stm32f1xx_hal_rcc.o
                0x000000000800267c                HAL_RCC_GetPCLK2Freq
 .text.RCC_Delay
                0x00000000080026a4       0x3c ./Drivers/STM32F1xx_HAL_Driver/Src/stm32f1xx_hal_rcc.o
 .text.HAL_TIM_Base_Init
                0x00000000080026e0       0x9e ./Drivers/STM32F1xx_HAL_Driver/Src/stm32f1xx_hal_tim.o
                0x00000000080026e0                HAL_TIM_Base_Init
 *fill*         0x000000000800277e        0x2 
 .text.HAL_TIM_Base_Start_IT
                0x0000000008002780       0xa4 ./Drivers/STM32F1xx_HAL_Driver/Src/stm32f1xx_hal_tim.o
                0x0000000008002780                HAL_TIM_Base_Start_IT
 .text.HAL_TIM_PWM_Init
                0x0000000008002824       0x9e ./Drivers/STM32F1xx_HAL_Driver/Src/stm32f1xx_hal_tim.o
                0x0000000008002824                HAL_TIM_PWM_Init
 .text.HAL_TIM_PWM_MspInit
                0x00000000080028c2       0x12 ./Drivers/STM32F1xx_HAL_Driver/Src/stm32f1xx_hal_tim.o
                0x00000000080028c2                HAL_TIM_PWM_MspInit
 .text.HAL_TIM_PWM_Start
                0x00000000080028d4      0x144 ./Drivers/STM32F1xx_HAL_Driver/Src/stm32f1xx_hal_tim.o
                0x00000000080028d4                HAL_TIM_PWM_Start
 .text.HAL_TIM_IRQHandler
                0x0000000008002a18      0x210 ./Drivers/STM32F1xx_HAL_Driver/Src/stm32f1xx_hal_tim.o
                0x0000000008002a18                HAL_TIM_IRQHandler
 .text.HAL_TIM_PWM_ConfigChannel
                0x0000000008002c28      0x17c ./Drivers/STM32F1xx_HAL_Driver/Src/stm32f1xx_hal_tim.o
                0x0000000008002c28                HAL_TIM_PWM_ConfigChannel
 .text.HAL_TIM_ConfigClockSource
                0x0000000008002da4      0x188 ./Drivers/STM32F1xx_HAL_Driver/Src/stm32f1xx_hal_tim.o
                0x0000000008002da4                HAL_TIM_ConfigClockSource
 .text.HAL_TIM_OC_DelayElapsedCallback
                0x0000000008002f2c       0x12 ./Drivers/STM32F1xx_HAL_Driver/Src/stm32f1xx_hal_tim.o
                0x0000000008002f2c                HAL_TIM_OC_DelayElapsedCallback
 .text.HAL_TIM_IC_CaptureCallback
                0x0000000008002f3e       0x12 ./Drivers/STM32F1xx_HAL_Driver/Src/stm32f1xx_hal_tim.o
                0x0000000008002f3e                HAL_TIM_IC_CaptureCallback
 .text.HAL_TIM_PWM_PulseFinishedCallback
                0x0000000008002f50       0x12 ./Drivers/STM32F1xx_HAL_Driver/Src/stm32f1xx_hal_tim.o
                0x0000000008002f50                HAL_TIM_PWM_PulseFinishedCallback
 .text.HAL_TIM_TriggerCallback
                0x0000000008002f62       0x12 ./Drivers/STM32F1xx_HAL_Driver/Src/stm32f1xx_hal_tim.o
                0x0000000008002f62                HAL_TIM_TriggerCallback
 .text.TIM_Base_SetConfig
                0x0000000008002f74       0xc4 ./Drivers/STM32F1xx_HAL_Driver/Src/stm32f1xx_hal_tim.o
                0x0000000008002f74                TIM_Base_SetConfig
 .text.TIM_OC1_SetConfig
                0x0000000008003038       0xcc ./Drivers/STM32F1xx_HAL_Driver/Src/stm32f1xx_hal_tim.o
 .text.TIM_OC2_SetConfig
                0x0000000008003104       0xd4 ./Drivers/STM32F1xx_HAL_Driver/Src/stm32f1xx_hal_tim.o
                0x0000000008003104                TIM_OC2_SetConfig
 .text.TIM_OC3_SetConfig
                0x00000000080031d8       0xd4 ./Drivers/STM32F1xx_HAL_Driver/Src/stm32f1xx_hal_tim.o
 .text.TIM_OC4_SetConfig
                0x00000000080032ac       0x9c ./Drivers/STM32F1xx_HAL_Driver/Src/stm32f1xx_hal_tim.o
 .text.TIM_TI1_ConfigInputStage
                0x0000000008003348       0x5c ./Drivers/STM32F1xx_HAL_Driver/Src/stm32f1xx_hal_tim.o
 .text.TIM_TI2_ConfigInputStage
                0x00000000080033a4       0x5e ./Drivers/STM32F1xx_HAL_Driver/Src/stm32f1xx_hal_tim.o
 .text.TIM_ITRx_SetConfig
                0x0000000008003402       0x34 ./Drivers/STM32F1xx_HAL_Driver/Src/stm32f1xx_hal_tim.o
 .text.TIM_ETR_SetConfig
                0x0000000008003436       0x3e ./Drivers/STM32F1xx_HAL_Driver/Src/stm32f1xx_hal_tim.o
                0x0000000008003436                TIM_ETR_SetConfig
 .text.TIM_CCxChannelCmd
                0x0000000008003474       0x48 ./Drivers/STM32F1xx_HAL_Driver/Src/stm32f1xx_hal_tim.o
                0x0000000008003474                TIM_CCxChannelCmd
 .text.HAL_TIMEx_MasterConfigSynchronization
                0x00000000080034bc       0xbc ./Drivers/STM32F1xx_HAL_Driver/Src/stm32f1xx_hal_tim_ex.o
                0x00000000080034bc                HAL_TIMEx_MasterConfigSynchronization
 .text.HAL_TIMEx_CommutCallback
                0x0000000008003578       0x12 ./Drivers/STM32F1xx_HAL_Driver/Src/stm32f1xx_hal_tim_ex.o
                0x0000000008003578                HAL_TIMEx_CommutCallback
 .text.HAL_TIMEx_BreakCallback
                0x000000000800358a       0x12 ./Drivers/STM32F1xx_HAL_Driver/Src/stm32f1xx_hal_tim_ex.o
                0x000000000800358a                HAL_TIMEx_BreakCallback
 .text.HAL_UART_Init
                0x000000000800359c       0x9a ./Drivers/STM32F1xx_HAL_Driver/Src/stm32f1xx_hal_uart.o
                0x000000000800359c                HAL_UART_Init
 .text.HAL_UART_Transmit
                0x0000000008003636      0x124 ./Drivers/STM32F1xx_HAL_Driver/Src/stm32f1xx_hal_uart.o
                0x0000000008003636                HAL_UART_Transmit
 .text.HAL_UART_Receive_IT
                0x000000000800375a       0x60 ./Drivers/STM32F1xx_HAL_Driver/Src/stm32f1xx_hal_uart.o
                0x000000000800375a                HAL_UART_Receive_IT
 *fill*         0x00000000080037ba        0x2 
 .text.HAL_UART_IRQHandler
                0x00000000080037bc      0x354 ./Drivers/STM32F1xx_HAL_Driver/Src/stm32f1xx_hal_uart.o
                0x00000000080037bc                HAL_UART_IRQHandler
 .text.HAL_UART_TxCpltCallback
                0x0000000008003b10       0x12 ./Drivers/STM32F1xx_HAL_Driver/Src/stm32f1xx_hal_uart.o
                0x0000000008003b10                HAL_UART_TxCpltCallback
 .text.HAL_UART_ErrorCallback
                0x0000000008003b22       0x12 ./Drivers/STM32F1xx_HAL_Driver/Src/stm32f1xx_hal_uart.o
                0x0000000008003b22                HAL_UART_ErrorCallback
 .text.HAL_UARTEx_RxEventCallback
                0x0000000008003b34       0x16 ./Drivers/STM32F1xx_HAL_Driver/Src/stm32f1xx_hal_uart.o
                0x0000000008003b34                HAL_UARTEx_RxEventCallback
 .text.UART_WaitOnFlagUntilTimeout
                0x0000000008003b4a       0x94 ./Drivers/STM32F1xx_HAL_Driver/Src/stm32f1xx_hal_uart.o
 .text.UART_Start_Receive_IT
                0x0000000008003bde       0x72 ./Drivers/STM32F1xx_HAL_Driver/Src/stm32f1xx_hal_uart.o
                0x0000000008003bde                UART_Start_Receive_IT
 .text.UART_EndRxTransfer
                0x0000000008003c50       0x58 ./Drivers/STM32F1xx_HAL_Driver/Src/stm32f1xx_hal_uart.o
 .text.UART_DMAAbortOnError
                0x0000000008003ca8       0x28 ./Drivers/STM32F1xx_HAL_Driver/Src/stm32f1xx_hal_uart.o
 .text.UART_Transmit_IT
                0x0000000008003cd0       0x9e ./Drivers/STM32F1xx_HAL_Driver/Src/stm32f1xx_hal_uart.o
 .text.UART_EndTransmit_IT
                0x0000000008003d6e       0x30 ./Drivers/STM32F1xx_HAL_Driver/Src/stm32f1xx_hal_uart.o
 .text.UART_Receive_IT
                0x0000000008003d9e      0x152 ./Drivers/STM32F1xx_HAL_Driver/Src/stm32f1xx_hal_uart.o
 .text.UART_SetConfig
                0x0000000008003ef0      0x11c ./Drivers/STM32F1xx_HAL_Driver/Src/stm32f1xx_hal_uart.o
 .text.__errno  0x000000000800400c        0xc c:/st/stm32cubeide_1.7.0/stm32cubeide/plugins/com.st.stm32cube.ide.mcu.externaltools.gnu-tools-for-stm32.9-2020-q2-update.win32_2.0.0.202105311346/tools/bin/../lib/gcc/arm-none-eabi/9.3.1/../../../../arm-none-eabi/lib/thumb/v7-m/nofp\libc_nano.a(lib_a-errno.o)
                0x000000000800400c                __errno
 .text.__libc_init_array
                0x0000000008004018       0x48 c:/st/stm32cubeide_1.7.0/stm32cubeide/plugins/com.st.stm32cube.ide.mcu.externaltools.gnu-tools-for-stm32.9-2020-q2-update.win32_2.0.0.202105311346/tools/bin/../lib/gcc/arm-none-eabi/9.3.1/../../../../arm-none-eabi/lib/thumb/v7-m/nofp\libc_nano.a(lib_a-init.o)
                0x0000000008004018                __libc_init_array
 .text.memset   0x0000000008004060       0x10 c:/st/stm32cubeide_1.7.0/stm32cubeide/plugins/com.st.stm32cube.ide.mcu.externaltools.gnu-tools-for-stm32.9-2020-q2-update.win32_2.0.0.202105311346/tools/bin/../lib/gcc/arm-none-eabi/9.3.1/../../../../arm-none-eabi/lib/thumb/v7-m/nofp\libc_nano.a(lib_a-memset.o)
                0x0000000008004060                memset
 .text.sprintf  0x0000000008004070       0x40 c:/st/stm32cubeide_1.7.0/stm32cubeide/plugins/com.st.stm32cube.ide.mcu.externaltools.gnu-tools-for-stm32.9-2020-q2-update.win32_2.0.0.202105311346/tools/bin/../lib/gcc/arm-none-eabi/9.3.1/../../../../arm-none-eabi/lib/thumb/v7-m/nofp\libc_nano.a(lib_a-sprintf.o)
                0x0000000008004070                siprintf
                0x0000000008004070                sprintf
 .text.__ssputs_r
                0x00000000080040b0       0xb6 c:/st/stm32cubeide_1.7.0/stm32cubeide/plugins/com.st.stm32cube.ide.mcu.externaltools.gnu-tools-for-stm32.9-2020-q2-update.win32_2.0.0.202105311346/tools/bin/../lib/gcc/arm-none-eabi/9.3.1/../../../../arm-none-eabi/lib/thumb/v7-m/nofp\libc_nano.a(lib_a-nano-svfprintf.o)
                0x00000000080040b0                __ssputs_r
 *fill*         0x0000000008004166        0x2 
 .text._svfprintf_r
                0x0000000008004168      0x200 c:/st/stm32cubeide_1.7.0/stm32cubeide/plugins/com.st.stm32cube.ide.mcu.externaltools.gnu-tools-for-stm32.9-2020-q2-update.win32_2.0.0.202105311346/tools/bin/../lib/gcc/arm-none-eabi/9.3.1/../../../../arm-none-eabi/lib/thumb/v7-m/nofp\libc_nano.a(lib_a-nano-svfprintf.o)
                0x0000000008004168                _svfiprintf_r
                0x0000000008004168                _svfprintf_r
 .text._printf_common
                0x0000000008004368       0xde c:/st/stm32cubeide_1.7.0/stm32cubeide/plugins/com.st.stm32cube.ide.mcu.externaltools.gnu-tools-for-stm32.9-2020-q2-update.win32_2.0.0.202105311346/tools/bin/../lib/gcc/arm-none-eabi/9.3.1/../../../../arm-none-eabi/lib/thumb/v7-m/nofp\libc_nano.a(lib_a-nano-vfprintf_i.o)
                0x0000000008004368                _printf_common
 *fill*         0x0000000008004446        0x2 
 .text._printf_i
                0x0000000008004448      0x24c c:/st/stm32cubeide_1.7.0/stm32cubeide/plugins/com.st.stm32cube.ide.mcu.externaltools.gnu-tools-for-stm32.9-2020-q2-update.win32_2.0.0.202105311346/tools/bin/../lib/gcc/arm-none-eabi/9.3.1/../../../../arm-none-eabi/lib/thumb/v7-m/nofp\libc_nano.a(lib_a-nano-vfprintf_i.o)
                0x0000000008004448                _printf_i
 .text.memchr   0x0000000008004694       0x1c c:/st/stm32cubeide_1.7.0/stm32cubeide/plugins/com.st.stm32cube.ide.mcu.externaltools.gnu-tools-for-stm32.9-2020-q2-update.win32_2.0.0.202105311346/tools/bin/../lib/gcc/arm-none-eabi/9.3.1/../../../../arm-none-eabi/lib/thumb/v7-m/nofp\libc_nano.a(lib_a-memchr-stub.o)
                0x0000000008004694                memchr
 .text.memcpy   0x00000000080046b0       0x1c c:/st/stm32cubeide_1.7.0/stm32cubeide/plugins/com.st.stm32cube.ide.mcu.externaltools.gnu-tools-for-stm32.9-2020-q2-update.win32_2.0.0.202105311346/tools/bin/../lib/gcc/arm-none-eabi/9.3.1/../../../../arm-none-eabi/lib/thumb/v7-m/nofp\libc_nano.a(lib_a-memcpy-stub.o)
                0x00000000080046b0                memcpy
 .text.memmove  0x00000000080046cc       0x34 c:/st/stm32cubeide_1.7.0/stm32cubeide/plugins/com.st.stm32cube.ide.mcu.externaltools.gnu-tools-for-stm32.9-2020-q2-update.win32_2.0.0.202105311346/tools/bin/../lib/gcc/arm-none-eabi/9.3.1/../../../../arm-none-eabi/lib/thumb/v7-m/nofp\libc_nano.a(lib_a-memmove.o)
                0x00000000080046cc                memmove
 .text._free_r  0x0000000008004700       0x98 c:/st/stm32cubeide_1.7.0/stm32cubeide/plugins/com.st.stm32cube.ide.mcu.externaltools.gnu-tools-for-stm32.9-2020-q2-update.win32_2.0.0.202105311346/tools/bin/../lib/gcc/arm-none-eabi/9.3.1/../../../../arm-none-eabi/lib/thumb/v7-m/nofp\libc_nano.a(lib_a-nano-freer.o)
                0x0000000008004700                _free_r
 .text._malloc_r
                0x0000000008004798       0xb4 c:/st/stm32cubeide_1.7.0/stm32cubeide/plugins/com.st.stm32cube.ide.mcu.externaltools.gnu-tools-for-stm32.9-2020-q2-update.win32_2.0.0.202105311346/tools/bin/../lib/gcc/arm-none-eabi/9.3.1/../../../../arm-none-eabi/lib/thumb/v7-m/nofp\libc_nano.a(lib_a-nano-mallocr.o)
                0x0000000008004798                _malloc_r
 .text._realloc_r
                0x000000000800484c       0x4c c:/st/stm32cubeide_1.7.0/stm32cubeide/plugins/com.st.stm32cube.ide.mcu.externaltools.gnu-tools-for-stm32.9-2020-q2-update.win32_2.0.0.202105311346/tools/bin/../lib/gcc/arm-none-eabi/9.3.1/../../../../arm-none-eabi/lib/thumb/v7-m/nofp\libc_nano.a(lib_a-nano-reallocr.o)
                0x000000000800484c                _realloc_r
 .text._sbrk_r  0x0000000008004898       0x20 c:/st/stm32cubeide_1.7.0/stm32cubeide/plugins/com.st.stm32cube.ide.mcu.externaltools.gnu-tools-for-stm32.9-2020-q2-update.win32_2.0.0.202105311346/tools/bin/../lib/gcc/arm-none-eabi/9.3.1/../../../../arm-none-eabi/lib/thumb/v7-m/nofp\libc_nano.a(lib_a-sbrkr.o)
                0x0000000008004898                _sbrk_r
 .text.__malloc_lock
                0x00000000080048b8        0xc c:/st/stm32cubeide_1.7.0/stm32cubeide/plugins/com.st.stm32cube.ide.mcu.externaltools.gnu-tools-for-stm32.9-2020-q2-update.win32_2.0.0.202105311346/tools/bin/../lib/gcc/arm-none-eabi/9.3.1/../../../../arm-none-eabi/lib/thumb/v7-m/nofp\libc_nano.a(lib_a-mlock.o)
                0x00000000080048b8                __malloc_lock
 .text.__malloc_unlock
                0x00000000080048c4        0xc c:/st/stm32cubeide_1.7.0/stm32cubeide/plugins/com.st.stm32cube.ide.mcu.externaltools.gnu-tools-for-stm32.9-2020-q2-update.win32_2.0.0.202105311346/tools/bin/../lib/gcc/arm-none-eabi/9.3.1/../../../../arm-none-eabi/lib/thumb/v7-m/nofp\libc_nano.a(lib_a-mlock.o)
                0x00000000080048c4                __malloc_unlock
 .text._malloc_usable_size_r
                0x00000000080048d0       0x10 c:/st/stm32cubeide_1.7.0/stm32cubeide/plugins/com.st.stm32cube.ide.mcu.externaltools.gnu-tools-for-stm32.9-2020-q2-update.win32_2.0.0.202105311346/tools/bin/../lib/gcc/arm-none-eabi/9.3.1/../../../../arm-none-eabi/lib/thumb/v7-m/nofp\libc_nano.a(lib_a-nano-msizer.o)
                0x00000000080048d0                _malloc_usable_size_r
 .text.__retarget_lock_acquire_recursive
                0x00000000080048e0        0x2 c:/st/stm32cubeide_1.7.0/stm32cubeide/plugins/com.st.stm32cube.ide.mcu.externaltools.gnu-tools-for-stm32.9-2020-q2-update.win32_2.0.0.202105311346/tools/bin/../lib/gcc/arm-none-eabi/9.3.1/../../../../arm-none-eabi/lib/thumb/v7-m/nofp\libc_nano.a(lib_a-lock.o)
                0x00000000080048e0                __retarget_lock_acquire_recursive
 .text.__retarget_lock_release_recursive
                0x00000000080048e2        0x2 c:/st/stm32cubeide_1.7.0/stm32cubeide/plugins/com.st.stm32cube.ide.mcu.externaltools.gnu-tools-for-stm32.9-2020-q2-update.win32_2.0.0.202105311346/tools/bin/../lib/gcc/arm-none-eabi/9.3.1/../../../../arm-none-eabi/lib/thumb/v7-m/nofp\libc_nano.a(lib_a-lock.o)
                0x00000000080048e2                __retarget_lock_release_recursive
 *(.glue_7)
 .glue_7        0x00000000080048e4        0x0 linker stubs
 *(.glue_7t)
 .glue_7t       0x00000000080048e4        0x0 linker stubs
 *(.eh_frame)
 .eh_frame      0x00000000080048e4        0x0 c:/st/stm32cubeide_1.7.0/stm32cubeide/plugins/com.st.stm32cube.ide.mcu.externaltools.gnu-tools-for-stm32.9-2020-q2-update.win32_2.0.0.202105311346/tools/bin/../lib/gcc/arm-none-eabi/9.3.1/thumb/v7-m/nofp/crtbegin.o
 *(.init)
 .init          0x00000000080048e4        0x4 c:/st/stm32cubeide_1.7.0/stm32cubeide/plugins/com.st.stm32cube.ide.mcu.externaltools.gnu-tools-for-stm32.9-2020-q2-update.win32_2.0.0.202105311346/tools/bin/../lib/gcc/arm-none-eabi/9.3.1/thumb/v7-m/nofp/crti.o
                0x00000000080048e4                _init
 .init          0x00000000080048e8        0x8 c:/st/stm32cubeide_1.7.0/stm32cubeide/plugins/com.st.stm32cube.ide.mcu.externaltools.gnu-tools-for-stm32.9-2020-q2-update.win32_2.0.0.202105311346/tools/bin/../lib/gcc/arm-none-eabi/9.3.1/thumb/v7-m/nofp/crtn.o
 *(.fini)
 .fini          0x00000000080048f0        0x4 c:/st/stm32cubeide_1.7.0/stm32cubeide/plugins/com.st.stm32cube.ide.mcu.externaltools.gnu-tools-for-stm32.9-2020-q2-update.win32_2.0.0.202105311346/tools/bin/../lib/gcc/arm-none-eabi/9.3.1/thumb/v7-m/nofp/crti.o
                0x00000000080048f0                _fini
 .fini          0x00000000080048f4        0x8 c:/st/stm32cubeide_1.7.0/stm32cubeide/plugins/com.st.stm32cube.ide.mcu.externaltools.gnu-tools-for-stm32.9-2020-q2-update.win32_2.0.0.202105311346/tools/bin/../lib/gcc/arm-none-eabi/9.3.1/thumb/v7-m/nofp/crtn.o
                0x00000000080048fc                . = ALIGN (0x4)
                0x00000000080048fc                _etext = .

.vfp11_veneer   0x00000000080048fc        0x0
 .vfp11_veneer  0x00000000080048fc        0x0 linker stubs

.v4_bx          0x00000000080048fc        0x0
 .v4_bx         0x00000000080048fc        0x0 linker stubs

.iplt           0x00000000080048fc        0x0
 .iplt          0x00000000080048fc        0x0 c:/st/stm32cubeide_1.7.0/stm32cubeide/plugins/com.st.stm32cube.ide.mcu.externaltools.gnu-tools-for-stm32.9-2020-q2-update.win32_2.0.0.202105311346/tools/bin/../lib/gcc/arm-none-eabi/9.3.1/thumb/v7-m/nofp/crtbegin.o

.rodata         0x00000000080048fc       0x68
                0x00000000080048fc                . = ALIGN (0x4)
 *(.rodata)
 .rodata        0x00000000080048fc        0xc ./Core/Src/main.o
 .rodata        0x0000000008004908       0x10 ./Drivers/STM32F1xx_HAL_Driver/Src/stm32f1xx_hal_rcc.o
 *(.rodata*)
 .rodata.AHBPrescTable
                0x0000000008004918       0x10 ./Core/Src/system_stm32f1xx.o
                0x0000000008004918                AHBPrescTable
 .rodata.APBPrescTable
                0x0000000008004928        0x8 ./Core/Src/system_stm32f1xx.o
                0x0000000008004928                APBPrescTable
 .rodata._svfprintf_r.str1.1
                0x0000000008004930       0x11 c:/st/stm32cubeide_1.7.0/stm32cubeide/plugins/com.st.stm32cube.ide.mcu.externaltools.gnu-tools-for-stm32.9-2020-q2-update.win32_2.0.0.202105311346/tools/bin/../lib/gcc/arm-none-eabi/9.3.1/../../../../arm-none-eabi/lib/thumb/v7-m/nofp\libc_nano.a(lib_a-nano-svfprintf.o)
 .rodata._printf_i.str1.1
                0x0000000008004941       0x22 c:/st/stm32cubeide_1.7.0/stm32cubeide/plugins/com.st.stm32cube.ide.mcu.externaltools.gnu-tools-for-stm32.9-2020-q2-update.win32_2.0.0.202105311346/tools/bin/../lib/gcc/arm-none-eabi/9.3.1/../../../../arm-none-eabi/lib/thumb/v7-m/nofp\libc_nano.a(lib_a-nano-vfprintf_i.o)
                0x0000000008004964                . = ALIGN (0x4)
 *fill*         0x0000000008004963        0x1 

.rel.dyn        0x0000000008004964        0x0
 .rel.iplt      0x0000000008004964        0x0 c:/st/stm32cubeide_1.7.0/stm32cubeide/plugins/com.st.stm32cube.ide.mcu.externaltools.gnu-tools-for-stm32.9-2020-q2-update.win32_2.0.0.202105311346/tools/bin/../lib/gcc/arm-none-eabi/9.3.1/thumb/v7-m/nofp/crtbegin.o

.ARM.extab      0x0000000008004964        0x0
                0x0000000008004964                . = ALIGN (0x4)
 *(.ARM.extab* .gnu.linkonce.armextab.*)
                0x0000000008004964                . = ALIGN (0x4)

.ARM            0x0000000008004964        0x0
                0x0000000008004964                . = ALIGN (0x4)
                0x0000000008004964                __exidx_start = .
 *(.ARM.exidx*)
                0x0000000008004964                __exidx_end = .
                0x0000000008004964                . = ALIGN (0x4)

.preinit_array  0x0000000008004964        0x0
                0x0000000008004964                . = ALIGN (0x4)
                0x0000000008004964                PROVIDE (__preinit_array_start = .)
 *(.preinit_array*)
                0x0000000008004964                PROVIDE (__preinit_array_end = .)
                0x0000000008004964                . = ALIGN (0x4)

.init_array     0x0000000008004964        0x4
                0x0000000008004964                . = ALIGN (0x4)
                0x0000000008004964                PROVIDE (__init_array_start = .)
 *(SORT_BY_NAME(.init_array.*))
 *(.init_array*)
 .init_array    0x0000000008004964        0x4 c:/st/stm32cubeide_1.7.0/stm32cubeide/plugins/com.st.stm32cube.ide.mcu.externaltools.gnu-tools-for-stm32.9-2020-q2-update.win32_2.0.0.202105311346/tools/bin/../lib/gcc/arm-none-eabi/9.3.1/thumb/v7-m/nofp/crtbegin.o
                0x0000000008004968                PROVIDE (__init_array_end = .)
                0x0000000008004968                . = ALIGN (0x4)

.fini_array     0x0000000008004968        0x4
                0x0000000008004968                . = ALIGN (0x4)
                [!provide]                        PROVIDE (__fini_array_start = .)
 *(SORT_BY_NAME(.fini_array.*))
 *(.fini_array*)
 .fini_array    0x0000000008004968        0x4 c:/st/stm32cubeide_1.7.0/stm32cubeide/plugins/com.st.stm32cube.ide.mcu.externaltools.gnu-tools-for-stm32.9-2020-q2-update.win32_2.0.0.202105311346/tools/bin/../lib/gcc/arm-none-eabi/9.3.1/thumb/v7-m/nofp/crtbegin.o
                [!provide]                        PROVIDE (__fini_array_end = .)
                0x000000000800496c                . = ALIGN (0x4)
                0x000000000800496c                _sidata = LOADADDR (.data)

.data           0x0000000020000000       0xc0 load address 0x000000000800496c
                0x0000000020000000                . = ALIGN (0x4)
                0x0000000020000000                _sdata = .
 *(.data)
 *(.data*)
 .data.KeyReg0  0x0000000020000000        0x4 ./Core/Src/button.o
                0x0000000020000000                KeyReg0
 .data.KeyReg1  0x0000000020000004        0x4 ./Core/Src/button.o
                0x0000000020000004                KeyReg1
 .data.KeyReg2  0x0000000020000008        0x4 ./Core/Src/button.o
                0x0000000020000008                KeyReg2
 .data.KeyReg3  0x000000002000000c        0x4 ./Core/Src/button.o
                0x000000002000000c                KeyReg3
 .data.TimerForKeyPress1
                0x0000000020000010        0x4 ./Core/Src/button.o
                0x0000000020000010                TimerForKeyPress1
 .data.KeyReg4  0x0000000020000014        0x4 ./Core/Src/button.o
                0x0000000020000014                KeyReg4
 .data.KeyReg5  0x0000000020000018        0x4 ./Core/Src/button.o
                0x0000000020000018                KeyReg5
 .data.KeyReg6  0x000000002000001c        0x4 ./Core/Src/button.o
                0x000000002000001c                KeyReg6
 .data.KeyReg7  0x0000000020000020        0x4 ./Core/Src/button.o
                0x0000000020000020                KeyReg7
 .data.TimerForKeyPress2
                0x0000000020000024        0x4 ./Core/Src/button.o
                0x0000000020000024                TimerForKeyPress2
 .data.KeyReg8  0x0000000020000028        0x4 ./Core/Src/button.o
                0x0000000020000028                KeyReg8
 .data.KeyReg9  0x000000002000002c        0x4 ./Core/Src/button.o
                0x000000002000002c                KeyReg9
 .data.KeyReg10
                0x0000000020000030        0x4 ./Core/Src/button.o
                0x0000000020000030                KeyReg10
 .data.KeyReg11
                0x0000000020000034        0x4 ./Core/Src/button.o
                0x0000000020000034                KeyReg11
 .data.TimerForKeyPress3
                0x0000000020000038        0x4 ./Core/Src/button.o
                0x0000000020000038                TimerForKeyPress3
 .data.KeyReg12
                0x000000002000003c        0x4 ./Core/Src/button.o
                0x000000002000003c                KeyReg12
 .data.KeyReg13
                0x0000000020000040        0x4 ./Core/Src/button.o
                0x0000000020000040                KeyReg13
 .data.KeyReg14
                0x0000000020000044        0x4 ./Core/Src/button.o
                0x0000000020000044                KeyReg14
 .data.KeyReg15
                0x0000000020000048        0x4 ./Core/Src/button.o
                0x0000000020000048                KeyReg15
 .data.TimerForKeyPress4
                0x000000002000004c        0x4 ./Core/Src/button.o
                0x000000002000004c                TimerForKeyPress4
 .data.SystemCoreClock
                0x0000000020000050        0x4 ./Core/Src/system_stm32f1xx.o
                0x0000000020000050                SystemCoreClock
 .data.uwTickPrio
                0x0000000020000054        0x4 ./Drivers/STM32F1xx_HAL_Driver/Src/stm32f1xx_hal.o
                0x0000000020000054                uwTickPrio
 .data.uwTickFreq
                0x0000000020000058        0x1 ./Drivers/STM32F1xx_HAL_Driver/Src/stm32f1xx_hal.o
                0x0000000020000058                uwTickFreq
 *fill*         0x0000000020000059        0x3 
 .data._impure_ptr
                0x000000002000005c        0x4 c:/st/stm32cubeide_1.7.0/stm32cubeide/plugins/com.st.stm32cube.ide.mcu.externaltools.gnu-tools-for-stm32.9-2020-q2-update.win32_2.0.0.202105311346/tools/bin/../lib/gcc/arm-none-eabi/9.3.1/../../../../arm-none-eabi/lib/thumb/v7-m/nofp\libc_nano.a(lib_a-impure.o)
                0x000000002000005c                _impure_ptr
 .data.impure_data
                0x0000000020000060       0x60 c:/st/stm32cubeide_1.7.0/stm32cubeide/plugins/com.st.stm32cube.ide.mcu.externaltools.gnu-tools-for-stm32.9-2020-q2-update.win32_2.0.0.202105311346/tools/bin/../lib/gcc/arm-none-eabi/9.3.1/../../../../arm-none-eabi/lib/thumb/v7-m/nofp\libc_nano.a(lib_a-impure.o)
 *(.RamFunc)
 *(.RamFunc*)
                0x00000000200000c0                . = ALIGN (0x4)
                0x00000000200000c0                _edata = .

.igot.plt       0x00000000200000c0        0x0 load address 0x0000000008004a2c
 .igot.plt      0x00000000200000c0        0x0 c:/st/stm32cubeide_1.7.0/stm32cubeide/plugins/com.st.stm32cube.ide.mcu.externaltools.gnu-tools-for-stm32.9-2020-q2-update.win32_2.0.0.202105311346/tools/bin/../lib/gcc/arm-none-eabi/9.3.1/thumb/v7-m/nofp/crtbegin.o
                0x00000000200000c0                . = ALIGN (0x4)

.bss            0x00000000200000c0      0x19c load address 0x0000000008004a2c
                0x00000000200000c0                _sbss = .
                0x00000000200000c0                __bss_start__ = _sbss
 *(.bss)
 .bss           0x00000000200000c0       0x1c c:/st/stm32cubeide_1.7.0/stm32cubeide/plugins/com.st.stm32cube.ide.mcu.externaltools.gnu-tools-for-stm32.9-2020-q2-update.win32_2.0.0.202105311346/tools/bin/../lib/gcc/arm-none-eabi/9.3.1/thumb/v7-m/nofp/crtbegin.o
 *(.bss*)
 .bss.button1_flag
                0x00000000200000dc        0x4 ./Core/Src/button.o
                0x00000000200000dc                button1_flag
 .bss.button2_flag
                0x00000000200000e0        0x4 ./Core/Src/button.o
                0x00000000200000e0                button2_flag
 .bss.button3_flag
                0x00000000200000e4        0x4 ./Core/Src/button.o
                0x00000000200000e4                button3_flag
 .bss.button4_flag
                0x00000000200000e8        0x4 ./Core/Src/button.o
                0x00000000200000e8                button4_flag
 .bss.status    0x00000000200000ec        0x4 ./Core/Src/global.o
                0x00000000200000ec                status
 .bss.counter   0x00000000200000f0        0x1 ./Core/Src/main.o
                0x00000000200000f0                counter
 .bss.input     0x00000000200000f1        0x1 ./Core/Src/main.o
                0x00000000200000f1                input
 .bss.index_buffer
                0x00000000200000f2        0x1 ./Core/Src/main.o
                0x00000000200000f2                index_buffer
 .bss.buffer_flag
                0x00000000200000f3        0x1 ./Core/Src/main.o
                0x00000000200000f3                buffer_flag
 .bss.success_flag
                0x00000000200000f4        0x1 ./Core/Src/main.o
                0x00000000200000f4                success_flag
 *fill*         0x00000000200000f5        0x3 
 .bss.timer1_flag
                0x00000000200000f8        0x4 ./Core/Src/software_timer.o
                0x00000000200000f8                timer1_flag
 .bss.timer1_counter
                0x00000000200000fc        0x4 ./Core/Src/software_timer.o
                0x00000000200000fc                timer1_counter
 .bss.timer2_flag
                0x0000000020000100        0x4 ./Core/Src/software_timer.o
                0x0000000020000100                timer2_flag
 .bss.timer2_counter
                0x0000000020000104        0x4 ./Core/Src/software_timer.o
                0x0000000020000104                timer2_counter
 .bss.timer3_flag
                0x0000000020000108        0x4 ./Core/Src/software_timer.o
                0x0000000020000108                timer3_flag
 .bss.timer3_counter
                0x000000002000010c        0x4 ./Core/Src/software_timer.o
                0x000000002000010c                timer3_counter
 .bss.timer4_flag
                0x0000000020000110        0x4 ./Core/Src/software_timer.o
                0x0000000020000110                timer4_flag
 .bss.timer4_counter
                0x0000000020000114        0x4 ./Core/Src/software_timer.o
                0x0000000020000114                timer4_counter
 .bss.timer5_flag
                0x0000000020000118        0x4 ./Core/Src/software_timer.o
                0x0000000020000118                timer5_flag
 .bss.timer5_counter
                0x000000002000011c        0x4 ./Core/Src/software_timer.o
                0x000000002000011c                timer5_counter
 .bss.__sbrk_heap_end
                0x0000000020000120        0x4 ./Core/Src/sysmem.o
 .bss.__malloc_free_list
                0x0000000020000124        0x4 c:/st/stm32cubeide_1.7.0/stm32cubeide/plugins/com.st.stm32cube.ide.mcu.externaltools.gnu-tools-for-stm32.9-2020-q2-update.win32_2.0.0.202105311346/tools/bin/../lib/gcc/arm-none-eabi/9.3.1/../../../../arm-none-eabi/lib/thumb/v7-m/nofp\libc_nano.a(lib_a-nano-mallocr.o)
                0x0000000020000124                __malloc_free_list
 .bss.__malloc_sbrk_start
                0x0000000020000128        0x4 c:/st/stm32cubeide_1.7.0/stm32cubeide/plugins/com.st.stm32cube.ide.mcu.externaltools.gnu-tools-for-stm32.9-2020-q2-update.win32_2.0.0.202105311346/tools/bin/../lib/gcc/arm-none-eabi/9.3.1/../../../../arm-none-eabi/lib/thumb/v7-m/nofp\libc_nano.a(lib_a-nano-mallocr.o)
                0x0000000020000128                __malloc_sbrk_start
 *(COMMON)
 COMMON         0x000000002000012c      0x11a ./Core/Src/main.o
                0x000000002000012c                status_command
                0x0000000020000130                status_UART
                0x0000000020000134                htim3
                0x000000002000017c                buffer
                0x000000002000019c                htim2
                0x00000000200001e4                huart2
                0x0000000020000228                str
 *fill*         0x0000000020000246        0x2 
 COMMON         0x0000000020000248        0x4 ./Drivers/STM32F1xx_HAL_Driver/Src/stm32f1xx_hal.o
                0x0000000020000248                uwTick
 COMMON         0x000000002000024c        0x4 c:/st/stm32cubeide_1.7.0/stm32cubeide/plugins/com.st.stm32cube.ide.mcu.externaltools.gnu-tools-for-stm32.9-2020-q2-update.win32_2.0.0.202105311346/tools/bin/../lib/gcc/arm-none-eabi/9.3.1/../../../../arm-none-eabi/lib/thumb/v7-m/nofp\libc_nano.a(lib_a-reent.o)
                0x000000002000024c                errno
 COMMON         0x0000000020000250        0x9 c:/st/stm32cubeide_1.7.0/stm32cubeide/plugins/com.st.stm32cube.ide.mcu.externaltools.gnu-tools-for-stm32.9-2020-q2-update.win32_2.0.0.202105311346/tools/bin/../lib/gcc/arm-none-eabi/9.3.1/../../../../arm-none-eabi/lib/thumb/v7-m/nofp\libc_nano.a(lib_a-lock.o)
                0x0000000020000250                __lock___atexit_recursive_mutex
                0x0000000020000251                __lock___arc4random_mutex
                0x0000000020000252                __lock___env_recursive_mutex
                0x0000000020000253                __lock___sinit_recursive_mutex
                0x0000000020000254                __lock___malloc_recursive_mutex
                0x0000000020000255                __lock___at_quick_exit_mutex
                0x0000000020000256                __lock___dd_hash_mutex
                0x0000000020000257                __lock___tz_mutex
                0x0000000020000258                __lock___sfp_recursive_mutex
                0x000000002000025c                . = ALIGN (0x4)
 *fill*         0x0000000020000259        0x3 
                0x000000002000025c                _ebss = .
                0x000000002000025c                __bss_end__ = _ebss

._user_heap_stack
                0x000000002000025c      0x604 load address 0x0000000008004a2c
                0x0000000020000260                . = ALIGN (0x8)
 *fill*         0x000000002000025c        0x4 
                [!provide]                        PROVIDE (end = .)
                0x0000000020000260                PROVIDE (_end = .)
                0x0000000020000460                . = (. + _Min_Heap_Size)
 *fill*         0x0000000020000260      0x200 
                0x0000000020000860                . = (. + _Min_Stack_Size)
 *fill*         0x0000000020000460      0x400 
                0x0000000020000860                . = ALIGN (0x8)

/DISCARD/
 libc.a(*)
 libm.a(*)
 libgcc.a(*)

.ARM.attributes
                0x0000000000000000       0x29
 *(.ARM.attributes)
 .ARM.attributes
                0x0000000000000000       0x1d c:/st/stm32cubeide_1.7.0/stm32cubeide/plugins/com.st.stm32cube.ide.mcu.externaltools.gnu-tools-for-stm32.9-2020-q2-update.win32_2.0.0.202105311346/tools/bin/../lib/gcc/arm-none-eabi/9.3.1/thumb/v7-m/nofp/crti.o
 .ARM.attributes
                0x000000000000001d       0x2d c:/st/stm32cubeide_1.7.0/stm32cubeide/plugins/com.st.stm32cube.ide.mcu.externaltools.gnu-tools-for-stm32.9-2020-q2-update.win32_2.0.0.202105311346/tools/bin/../lib/gcc/arm-none-eabi/9.3.1/thumb/v7-m/nofp/crtbegin.o
 .ARM.attributes
                0x000000000000004a       0x2d ./Core/Src/auto_fsm.o
 .ARM.attributes
                0x0000000000000077       0x2d ./Core/Src/button.o
 .ARM.attributes
                0x00000000000000a4       0x2d ./Core/Src/buzzer.o
 .ARM.attributes
                0x00000000000000d1       0x33 ./Core/Src/global.o
 .ARM.attributes
                0x0000000000000104       0x2d ./Core/Src/main.o
 .ARM.attributes
                0x0000000000000131       0x2d ./Core/Src/man_fsm.o
 .ARM.attributes
                0x000000000000015e       0x2d ./Core/Src/pdtlight.o
 .ARM.attributes
                0x000000000000018b       0x2d ./Core/Src/ped_fsm.o
 .ARM.attributes
                0x00000000000001b8       0x2d ./Core/Src/software_timer.o
 .ARM.attributes
                0x00000000000001e5       0x2d ./Core/Src/stm32f1xx_hal_msp.o
 .ARM.attributes
                0x0000000000000212       0x2d ./Core/Src/stm32f1xx_it.o
 .ARM.attributes
                0x000000000000023f       0x2d ./Core/Src/sysmem.o
 .ARM.attributes
                0x000000000000026c       0x2d ./Core/Src/system_stm32f1xx.o
 .ARM.attributes
                0x0000000000000299       0x2d ./Core/Src/traffic1.o
 .ARM.attributes
                0x00000000000002c6       0x2d ./Core/Src/traffic2.o
 .ARM.attributes
                0x00000000000002f3       0x2d ./Core/Src/tun_fsm.o
 .ARM.attributes
                0x0000000000000320       0x21 ./Core/Startup/startup_stm32f103rbtx.o
 .ARM.attributes
                0x0000000000000341       0x2d ./Drivers/STM32F1xx_HAL_Driver/Src/stm32f1xx_hal.o
 .ARM.attributes
                0x000000000000036e       0x2d ./Drivers/STM32F1xx_HAL_Driver/Src/stm32f1xx_hal_cortex.o
 .ARM.attributes
                0x000000000000039b       0x2d ./Drivers/STM32F1xx_HAL_Driver/Src/stm32f1xx_hal_dma.o
 .ARM.attributes
                0x00000000000003c8       0x2d ./Drivers/STM32F1xx_HAL_Driver/Src/stm32f1xx_hal_gpio.o
 .ARM.attributes
                0x00000000000003f5       0x2d ./Drivers/STM32F1xx_HAL_Driver/Src/stm32f1xx_hal_rcc.o
 .ARM.attributes
                0x0000000000000422       0x2d ./Drivers/STM32F1xx_HAL_Driver/Src/stm32f1xx_hal_tim.o
 .ARM.attributes
                0x000000000000044f       0x2d ./Drivers/STM32F1xx_HAL_Driver/Src/stm32f1xx_hal_tim_ex.o
 .ARM.attributes
                0x000000000000047c       0x2d ./Drivers/STM32F1xx_HAL_Driver/Src/stm32f1xx_hal_uart.o
 .ARM.attributes
                0x00000000000004a9       0x2d c:/st/stm32cubeide_1.7.0/stm32cubeide/plugins/com.st.stm32cube.ide.mcu.externaltools.gnu-tools-for-stm32.9-2020-q2-update.win32_2.0.0.202105311346/tools/bin/../lib/gcc/arm-none-eabi/9.3.1/../../../../arm-none-eabi/lib/thumb/v7-m/nofp\libc_nano.a(lib_a-errno.o)
 .ARM.attributes
                0x00000000000004d6       0x2d c:/st/stm32cubeide_1.7.0/stm32cubeide/plugins/com.st.stm32cube.ide.mcu.externaltools.gnu-tools-for-stm32.9-2020-q2-update.win32_2.0.0.202105311346/tools/bin/../lib/gcc/arm-none-eabi/9.3.1/../../../../arm-none-eabi/lib/thumb/v7-m/nofp\libc_nano.a(lib_a-impure.o)
 .ARM.attributes
                0x0000000000000503       0x2d c:/st/stm32cubeide_1.7.0/stm32cubeide/plugins/com.st.stm32cube.ide.mcu.externaltools.gnu-tools-for-stm32.9-2020-q2-update.win32_2.0.0.202105311346/tools/bin/../lib/gcc/arm-none-eabi/9.3.1/../../../../arm-none-eabi/lib/thumb/v7-m/nofp\libc_nano.a(lib_a-init.o)
 .ARM.attributes
                0x0000000000000530       0x2d c:/st/stm32cubeide_1.7.0/stm32cubeide/plugins/com.st.stm32cube.ide.mcu.externaltools.gnu-tools-for-stm32.9-2020-q2-update.win32_2.0.0.202105311346/tools/bin/../lib/gcc/arm-none-eabi/9.3.1/../../../../arm-none-eabi/lib/thumb/v7-m/nofp\libc_nano.a(lib_a-memset.o)
 .ARM.attributes
                0x000000000000055d       0x2d c:/st/stm32cubeide_1.7.0/stm32cubeide/plugins/com.st.stm32cube.ide.mcu.externaltools.gnu-tools-for-stm32.9-2020-q2-update.win32_2.0.0.202105311346/tools/bin/../lib/gcc/arm-none-eabi/9.3.1/../../../../arm-none-eabi/lib/thumb/v7-m/nofp\libc_nano.a(lib_a-sprintf.o)
 .ARM.attributes
                0x000000000000058a       0x2d c:/st/stm32cubeide_1.7.0/stm32cubeide/plugins/com.st.stm32cube.ide.mcu.externaltools.gnu-tools-for-stm32.9-2020-q2-update.win32_2.0.0.202105311346/tools/bin/../lib/gcc/arm-none-eabi/9.3.1/../../../../arm-none-eabi/lib/thumb/v7-m/nofp\libc_nano.a(lib_a-nano-svfprintf.o)
 .ARM.attributes
                0x00000000000005b7       0x2d c:/st/stm32cubeide_1.7.0/stm32cubeide/plugins/com.st.stm32cube.ide.mcu.externaltools.gnu-tools-for-stm32.9-2020-q2-update.win32_2.0.0.202105311346/tools/bin/../lib/gcc/arm-none-eabi/9.3.1/../../../../arm-none-eabi/lib/thumb/v7-m/nofp\libc_nano.a(lib_a-nano-vfprintf_i.o)
 .ARM.attributes
                0x00000000000005e4       0x2d c:/st/stm32cubeide_1.7.0/stm32cubeide/plugins/com.st.stm32cube.ide.mcu.externaltools.gnu-tools-for-stm32.9-2020-q2-update.win32_2.0.0.202105311346/tools/bin/../lib/gcc/arm-none-eabi/9.3.1/../../../../arm-none-eabi/lib/thumb/v7-m/nofp\libc_nano.a(lib_a-memchr-stub.o)
 .ARM.attributes
                0x0000000000000611       0x2d c:/st/stm32cubeide_1.7.0/stm32cubeide/plugins/com.st.stm32cube.ide.mcu.externaltools.gnu-tools-for-stm32.9-2020-q2-update.win32_2.0.0.202105311346/tools/bin/../lib/gcc/arm-none-eabi/9.3.1/../../../../arm-none-eabi/lib/thumb/v7-m/nofp\libc_nano.a(lib_a-memcpy-stub.o)
 .ARM.attributes
                0x000000000000063e       0x2d c:/st/stm32cubeide_1.7.0/stm32cubeide/plugins/com.st.stm32cube.ide.mcu.externaltools.gnu-tools-for-stm32.9-2020-q2-update.win32_2.0.0.202105311346/tools/bin/../lib/gcc/arm-none-eabi/9.3.1/../../../../arm-none-eabi/lib/thumb/v7-m/nofp\libc_nano.a(lib_a-memmove.o)
 .ARM.attributes
                0x000000000000066b       0x2d c:/st/stm32cubeide_1.7.0/stm32cubeide/plugins/com.st.stm32cube.ide.mcu.externaltools.gnu-tools-for-stm32.9-2020-q2-update.win32_2.0.0.202105311346/tools/bin/../lib/gcc/arm-none-eabi/9.3.1/../../../../arm-none-eabi/lib/thumb/v7-m/nofp\libc_nano.a(lib_a-nano-freer.o)
 .ARM.attributes
                0x0000000000000698       0x2d c:/st/stm32cubeide_1.7.0/stm32cubeide/plugins/com.st.stm32cube.ide.mcu.externaltools.gnu-tools-for-stm32.9-2020-q2-update.win32_2.0.0.202105311346/tools/bin/../lib/gcc/arm-none-eabi/9.3.1/../../../../arm-none-eabi/lib/thumb/v7-m/nofp\libc_nano.a(lib_a-nano-mallocr.o)
 .ARM.attributes
                0x00000000000006c5       0x2d c:/st/stm32cubeide_1.7.0/stm32cubeide/plugins/com.st.stm32cube.ide.mcu.externaltools.gnu-tools-for-stm32.9-2020-q2-update.win32_2.0.0.202105311346/tools/bin/../lib/gcc/arm-none-eabi/9.3.1/../../../../arm-none-eabi/lib/thumb/v7-m/nofp\libc_nano.a(lib_a-nano-reallocr.o)
 .ARM.attributes
                0x00000000000006f2       0x2d c:/st/stm32cubeide_1.7.0/stm32cubeide/plugins/com.st.stm32cube.ide.mcu.externaltools.gnu-tools-for-stm32.9-2020-q2-update.win32_2.0.0.202105311346/tools/bin/../lib/gcc/arm-none-eabi/9.3.1/../../../../arm-none-eabi/lib/thumb/v7-m/nofp\libc_nano.a(lib_a-sbrkr.o)
 .ARM.attributes
                0x000000000000071f       0x2d c:/st/stm32cubeide_1.7.0/stm32cubeide/plugins/com.st.stm32cube.ide.mcu.externaltools.gnu-tools-for-stm32.9-2020-q2-update.win32_2.0.0.202105311346/tools/bin/../lib/gcc/arm-none-eabi/9.3.1/../../../../arm-none-eabi/lib/thumb/v7-m/nofp\libc_nano.a(lib_a-mlock.o)
 .ARM.attributes
                0x000000000000074c       0x2d c:/st/stm32cubeide_1.7.0/stm32cubeide/plugins/com.st.stm32cube.ide.mcu.externaltools.gnu-tools-for-stm32.9-2020-q2-update.win32_2.0.0.202105311346/tools/bin/../lib/gcc/arm-none-eabi/9.3.1/../../../../arm-none-eabi/lib/thumb/v7-m/nofp\libc_nano.a(lib_a-nano-msizer.o)
 .ARM.attributes
                0x0000000000000779       0x2d c:/st/stm32cubeide_1.7.0/stm32cubeide/plugins/com.st.stm32cube.ide.mcu.externaltools.gnu-tools-for-stm32.9-2020-q2-update.win32_2.0.0.202105311346/tools/bin/../lib/gcc/arm-none-eabi/9.3.1/../../../../arm-none-eabi/lib/thumb/v7-m/nofp\libc_nano.a(lib_a-reent.o)
 .ARM.attributes
                0x00000000000007a6       0x2d c:/st/stm32cubeide_1.7.0/stm32cubeide/plugins/com.st.stm32cube.ide.mcu.externaltools.gnu-tools-for-stm32.9-2020-q2-update.win32_2.0.0.202105311346/tools/bin/../lib/gcc/arm-none-eabi/9.3.1/../../../../arm-none-eabi/lib/thumb/v7-m/nofp\libc_nano.a(lib_a-lock.o)
 .ARM.attributes
                0x00000000000007d3       0x1d c:/st/stm32cubeide_1.7.0/stm32cubeide/plugins/com.st.stm32cube.ide.mcu.externaltools.gnu-tools-for-stm32.9-2020-q2-update.win32_2.0.0.202105311346/tools/bin/../lib/gcc/arm-none-eabi/9.3.1/thumb/v7-m/nofp/crtn.o
OUTPUT(Assignment.elf elf32-littlearm)
LOAD linker stubs
LOAD c:/st/stm32cubeide_1.7.0/stm32cubeide/plugins/com.st.stm32cube.ide.mcu.externaltools.gnu-tools-for-stm32.9-2020-q2-update.win32_2.0.0.202105311346/tools/bin/../lib/gcc/arm-none-eabi/9.3.1/../../../../arm-none-eabi/lib/thumb/v7-m/nofp\libc.a
LOAD c:/st/stm32cubeide_1.7.0/stm32cubeide/plugins/com.st.stm32cube.ide.mcu.externaltools.gnu-tools-for-stm32.9-2020-q2-update.win32_2.0.0.202105311346/tools/bin/../lib/gcc/arm-none-eabi/9.3.1/../../../../arm-none-eabi/lib/thumb/v7-m/nofp\libm.a
LOAD c:/st/stm32cubeide_1.7.0/stm32cubeide/plugins/com.st.stm32cube.ide.mcu.externaltools.gnu-tools-for-stm32.9-2020-q2-update.win32_2.0.0.202105311346/tools/bin/../lib/gcc/arm-none-eabi/9.3.1/thumb/v7-m/nofp\libgcc.a

.debug_info     0x0000000000000000     0xfb27
 .debug_info    0x0000000000000000      0x78a ./Core/Src/auto_fsm.o
 .debug_info    0x000000000000078a      0x4e5 ./Core/Src/button.o
 .debug_info    0x0000000000000c6f      0x79c ./Core/Src/buzzer.o
 .debug_info    0x000000000000140b      0x790 ./Core/Src/global.o
 .debug_info    0x0000000000001b9b     0x18f3 ./Core/Src/main.o
 .debug_info    0x000000000000348e      0x78a ./Core/Src/man_fsm.o
 .debug_info    0x0000000000003c18      0x263 ./Core/Src/pdtlight.o
 .debug_info    0x0000000000003e7b      0x78a ./Core/Src/ped_fsm.o
 .debug_info    0x0000000000004605      0x328 ./Core/Src/software_timer.o
 .debug_info    0x000000000000492d      0xe38 ./Core/Src/stm32f1xx_hal_msp.o
 .debug_info    0x0000000000005765      0xa22 ./Core/Src/stm32f1xx_it.o
 .debug_info    0x0000000000006187      0xa25 ./Core/Src/sysmem.o
 .debug_info    0x0000000000006bac      0x2be ./Core/Src/system_stm32f1xx.o
 .debug_info    0x0000000000006e6a      0x275 ./Core/Src/traffic1.o
 .debug_info    0x00000000000070df      0x275 ./Core/Src/traffic2.o
 .debug_info    0x0000000000007354      0x78a ./Core/Src/tun_fsm.o
 .debug_info    0x0000000000007ade       0x22 ./Core/Startup/startup_stm32f103rbtx.o
 .debug_info    0x0000000000007b00      0x76a ./Drivers/STM32F1xx_HAL_Driver/Src/stm32f1xx_hal.o
 .debug_info    0x000000000000826a      0xbdc ./Drivers/STM32F1xx_HAL_Driver/Src/stm32f1xx_hal_cortex.o
 .debug_info    0x0000000000008e46      0x81e ./Drivers/STM32F1xx_HAL_Driver/Src/stm32f1xx_hal_dma.o
 .debug_info    0x0000000000009664      0x701 ./Drivers/STM32F1xx_HAL_Driver/Src/stm32f1xx_hal_gpio.o
 .debug_info    0x0000000000009d65      0x88e ./Drivers/STM32F1xx_HAL_Driver/Src/stm32f1xx_hal_rcc.o
 .debug_info    0x000000000000a5f3     0x2a45 ./Drivers/STM32F1xx_HAL_Driver/Src/stm32f1xx_hal_tim.o
 .debug_info    0x000000000000d038     0x14d5 ./Drivers/STM32F1xx_HAL_Driver/Src/stm32f1xx_hal_tim_ex.o
 .debug_info    0x000000000000e50d     0x161a ./Drivers/STM32F1xx_HAL_Driver/Src/stm32f1xx_hal_uart.o

.debug_abbrev   0x0000000000000000     0x29f7
 .debug_abbrev  0x0000000000000000      0x15a ./Core/Src/auto_fsm.o
 .debug_abbrev  0x000000000000015a      0x14a ./Core/Src/button.o
 .debug_abbrev  0x00000000000002a4      0x15a ./Core/Src/buzzer.o
 .debug_abbrev  0x00000000000003fe      0x160 ./Core/Src/global.o
 .debug_abbrev  0x000000000000055e      0x340 ./Core/Src/main.o
 .debug_abbrev  0x000000000000089e      0x15a ./Core/Src/man_fsm.o
 .debug_abbrev  0x00000000000009f8       0xff ./Core/Src/pdtlight.o
 .debug_abbrev  0x0000000000000af7      0x15a ./Core/Src/ped_fsm.o
 .debug_abbrev  0x0000000000000c51      0x11f ./Core/Src/software_timer.o
 .debug_abbrev  0x0000000000000d70      0x1c8 ./Core/Src/stm32f1xx_hal_msp.o
 .debug_abbrev  0x0000000000000f38      0x176 ./Core/Src/stm32f1xx_it.o
 .debug_abbrev  0x00000000000010ae      0x1bf ./Core/Src/sysmem.o
 .debug_abbrev  0x000000000000126d      0x14e ./Core/Src/system_stm32f1xx.o
 .debug_abbrev  0x00000000000013bb       0xff ./Core/Src/traffic1.o
 .debug_abbrev  0x00000000000014ba       0xff ./Core/Src/traffic2.o
 .debug_abbrev  0x00000000000015b9      0x15a ./Core/Src/tun_fsm.o
 .debug_abbrev  0x0000000000001713       0x12 ./Core/Startup/startup_stm32f103rbtx.o
 .debug_abbrev  0x0000000000001725      0x1ed ./Drivers/STM32F1xx_HAL_Driver/Src/stm32f1xx_hal.o
 .debug_abbrev  0x0000000000001912      0x313 ./Drivers/STM32F1xx_HAL_Driver/Src/stm32f1xx_hal_cortex.o
 .debug_abbrev  0x0000000000001c25      0x228 ./Drivers/STM32F1xx_HAL_Driver/Src/stm32f1xx_hal_dma.o
 .debug_abbrev  0x0000000000001e4d      0x1e8 ./Drivers/STM32F1xx_HAL_Driver/Src/stm32f1xx_hal_gpio.o
 .debug_abbrev  0x0000000000002035      0x273 ./Drivers/STM32F1xx_HAL_Driver/Src/stm32f1xx_hal_rcc.o
 .debug_abbrev  0x00000000000022a8      0x25e ./Drivers/STM32F1xx_HAL_Driver/Src/stm32f1xx_hal_tim.o
 .debug_abbrev  0x0000000000002506      0x266 ./Drivers/STM32F1xx_HAL_Driver/Src/stm32f1xx_hal_tim_ex.o
 .debug_abbrev  0x000000000000276c      0x28b ./Drivers/STM32F1xx_HAL_Driver/Src/stm32f1xx_hal_uart.o

.debug_aranges  0x0000000000000000      0xe38
 .debug_aranges
                0x0000000000000000       0x20 ./Core/Src/auto_fsm.o
 .debug_aranges
                0x0000000000000020       0x78 ./Core/Src/button.o
 .debug_aranges
                0x0000000000000098       0x28 ./Core/Src/buzzer.o
 .debug_aranges
                0x00000000000000c0       0x18 ./Core/Src/global.o
 .debug_aranges
                0x00000000000000d8       0x70 ./Core/Src/main.o
 .debug_aranges
                0x0000000000000148       0x20 ./Core/Src/man_fsm.o
 .debug_aranges
                0x0000000000000168       0x30 ./Core/Src/pdtlight.o
 .debug_aranges
                0x0000000000000198       0x20 ./Core/Src/ped_fsm.o
 .debug_aranges
                0x00000000000001b8       0x48 ./Core/Src/software_timer.o
 .debug_aranges
                0x0000000000000200       0x48 ./Core/Src/stm32f1xx_hal_msp.o
 .debug_aranges
                0x0000000000000248       0x70 ./Core/Src/stm32f1xx_it.o
 .debug_aranges
                0x00000000000002b8       0x20 ./Core/Src/sysmem.o
 .debug_aranges
                0x00000000000002d8       0x28 ./Core/Src/system_stm32f1xx.o
 .debug_aranges
                0x0000000000000300       0x38 ./Core/Src/traffic1.o
 .debug_aranges
                0x0000000000000338       0x38 ./Core/Src/traffic2.o
 .debug_aranges
                0x0000000000000370       0x20 ./Core/Src/tun_fsm.o
 .debug_aranges
                0x0000000000000390       0x28 ./Core/Startup/startup_stm32f103rbtx.o
 .debug_aranges
                0x00000000000003b8       0xe0 ./Drivers/STM32F1xx_HAL_Driver/Src/stm32f1xx_hal.o
 .debug_aranges
                0x0000000000000498      0x100 ./Drivers/STM32F1xx_HAL_Driver/Src/stm32f1xx_hal_cortex.o
 .debug_aranges
                0x0000000000000598       0x80 ./Drivers/STM32F1xx_HAL_Driver/Src/stm32f1xx_hal_dma.o
 .debug_aranges
                0x0000000000000618       0x58 ./Drivers/STM32F1xx_HAL_Driver/Src/stm32f1xx_hal_gpio.o
 .debug_aranges
                0x0000000000000670       0x90 ./Drivers/STM32F1xx_HAL_Driver/Src/stm32f1xx_hal_rcc.o
 .debug_aranges
                0x0000000000000700      0x3d0 ./Drivers/STM32F1xx_HAL_Driver/Src/stm32f1xx_hal_tim.o
 .debug_aranges
                0x0000000000000ad0      0x168 ./Drivers/STM32F1xx_HAL_Driver/Src/stm32f1xx_hal_tim_ex.o
 .debug_aranges
                0x0000000000000c38      0x200 ./Drivers/STM32F1xx_HAL_Driver/Src/stm32f1xx_hal_uart.o

.debug_ranges   0x0000000000000000      0xcd8
 .debug_ranges  0x0000000000000000       0x10 ./Core/Src/auto_fsm.o
 .debug_ranges  0x0000000000000010       0x68 ./Core/Src/button.o
 .debug_ranges  0x0000000000000078       0x18 ./Core/Src/buzzer.o
 .debug_ranges  0x0000000000000090       0x60 ./Core/Src/main.o
 .debug_ranges  0x00000000000000f0       0x10 ./Core/Src/man_fsm.o
 .debug_ranges  0x0000000000000100       0x20 ./Core/Src/pdtlight.o
 .debug_ranges  0x0000000000000120       0x10 ./Core/Src/ped_fsm.o
 .debug_ranges  0x0000000000000130       0x38 ./Core/Src/software_timer.o
 .debug_ranges  0x0000000000000168       0x38 ./Core/Src/stm32f1xx_hal_msp.o
 .debug_ranges  0x00000000000001a0       0x60 ./Core/Src/stm32f1xx_it.o
 .debug_ranges  0x0000000000000200       0x10 ./Core/Src/sysmem.o
 .debug_ranges  0x0000000000000210       0x18 ./Core/Src/system_stm32f1xx.o
 .debug_ranges  0x0000000000000228       0x28 ./Core/Src/traffic1.o
 .debug_ranges  0x0000000000000250       0x28 ./Core/Src/traffic2.o
 .debug_ranges  0x0000000000000278       0x10 ./Core/Src/tun_fsm.o
 .debug_ranges  0x0000000000000288       0x20 ./Core/Startup/startup_stm32f103rbtx.o
 .debug_ranges  0x00000000000002a8       0xd0 ./Drivers/STM32F1xx_HAL_Driver/Src/stm32f1xx_hal.o
 .debug_ranges  0x0000000000000378       0xf0 ./Drivers/STM32F1xx_HAL_Driver/Src/stm32f1xx_hal_cortex.o
 .debug_ranges  0x0000000000000468       0x70 ./Drivers/STM32F1xx_HAL_Driver/Src/stm32f1xx_hal_dma.o
 .debug_ranges  0x00000000000004d8       0x48 ./Drivers/STM32F1xx_HAL_Driver/Src/stm32f1xx_hal_gpio.o
 .debug_ranges  0x0000000000000520       0x80 ./Drivers/STM32F1xx_HAL_Driver/Src/stm32f1xx_hal_rcc.o
 .debug_ranges  0x00000000000005a0      0x3c0 ./Drivers/STM32F1xx_HAL_Driver/Src/stm32f1xx_hal_tim.o
 .debug_ranges  0x0000000000000960      0x158 ./Drivers/STM32F1xx_HAL_Driver/Src/stm32f1xx_hal_tim_ex.o
 .debug_ranges  0x0000000000000ab8      0x220 ./Drivers/STM32F1xx_HAL_Driver/Src/stm32f1xx_hal_uart.o

.debug_macro    0x0000000000000000    0x19228
 .debug_macro   0x0000000000000000      0x20f ./Core/Src/auto_fsm.o
 .debug_macro   0x000000000000020f      0xa9c ./Core/Src/auto_fsm.o
 .debug_macro   0x0000000000000cab      0x21b ./Core/Src/auto_fsm.o
 .debug_macro   0x0000000000000ec6       0x2e ./Core/Src/auto_fsm.o
 .debug_macro   0x0000000000000ef4       0x22 ./Core/Src/auto_fsm.o
 .debug_macro   0x0000000000000f16       0x22 ./Core/Src/auto_fsm.o
 .debug_macro   0x0000000000000f38       0x8e ./Core/Src/auto_fsm.o
 .debug_macro   0x0000000000000fc6       0x51 ./Core/Src/auto_fsm.o
 .debug_macro   0x0000000000001017      0x103 ./Core/Src/auto_fsm.o
 .debug_macro   0x000000000000111a       0x6a ./Core/Src/auto_fsm.o
 .debug_macro   0x0000000000001184      0x1df ./Core/Src/auto_fsm.o
 .debug_macro   0x0000000000001363       0x1c ./Core/Src/auto_fsm.o
 .debug_macro   0x000000000000137f       0x22 ./Core/Src/auto_fsm.o
 .debug_macro   0x00000000000013a1       0xc3 ./Core/Src/auto_fsm.o
 .debug_macro   0x0000000000001464      0xd23 ./Core/Src/auto_fsm.o
 .debug_macro   0x0000000000002187     0xe09e ./Core/Src/auto_fsm.o
 .debug_macro   0x0000000000010225       0x6d ./Core/Src/auto_fsm.o
 .debug_macro   0x0000000000010292     0x3468 ./Core/Src/auto_fsm.o
 .debug_macro   0x00000000000136fa      0x174 ./Core/Src/auto_fsm.o
 .debug_macro   0x000000000001386e       0x5c ./Core/Src/auto_fsm.o
 .debug_macro   0x00000000000138ca      0x5be ./Core/Src/auto_fsm.o
 .debug_macro   0x0000000000013e88      0x289 ./Core/Src/auto_fsm.o
 .debug_macro   0x0000000000014111      0x1cb ./Core/Src/auto_fsm.o
 .debug_macro   0x00000000000142dc      0x114 ./Core/Src/auto_fsm.o
 .debug_macro   0x00000000000143f0      0x1b2 ./Core/Src/auto_fsm.o
 .debug_macro   0x00000000000145a2       0x27 ./Core/Src/auto_fsm.o
 .debug_macro   0x00000000000145c9      0x136 ./Core/Src/auto_fsm.o
 .debug_macro   0x00000000000146ff      0x1bc ./Core/Src/auto_fsm.o
 .debug_macro   0x00000000000148bb       0x34 ./Core/Src/auto_fsm.o
 .debug_macro   0x00000000000148ef       0x3c ./Core/Src/auto_fsm.o
 .debug_macro   0x000000000001492b       0x57 ./Core/Src/auto_fsm.o
 .debug_macro   0x0000000000014982       0x88 ./Core/Src/auto_fsm.o
 .debug_macro   0x0000000000014a0a      0x241 ./Core/Src/auto_fsm.o
 .debug_macro   0x0000000000014c4b      0x141 ./Core/Src/auto_fsm.o
 .debug_macro   0x0000000000014d8c      0x8d1 ./Core/Src/auto_fsm.o
 .debug_macro   0x000000000001565d      0x279 ./Core/Src/auto_fsm.o
 .debug_macro   0x00000000000158d6       0x83 ./Core/Src/auto_fsm.o
 .debug_macro   0x0000000000015959       0x88 ./Core/Src/auto_fsm.o
 .debug_macro   0x00000000000159e1       0x16 ./Core/Src/auto_fsm.o
 .debug_macro   0x00000000000159f7       0x1c ./Core/Src/auto_fsm.o
 .debug_macro   0x0000000000015a13       0x8e ./Core/Src/auto_fsm.o
 .debug_macro   0x0000000000015aa1      0x1c1 ./Core/Src/button.o
 .debug_macro   0x0000000000015c62       0x10 ./Core/Src/button.o
 .debug_macro   0x0000000000015c72      0x205 ./Core/Src/buzzer.o
 .debug_macro   0x0000000000015e77      0x205 ./Core/Src/global.o
 .debug_macro   0x000000000001607c      0x3c0 ./Core/Src/main.o
 .debug_macro   0x000000000001643c       0x52 ./Core/Src/main.o
 .debug_macro   0x000000000001648e       0x18 ./Core/Src/main.o
 .debug_macro   0x00000000000164a6       0x3c ./Core/Src/main.o
 .debug_macro   0x00000000000164e2       0x34 ./Core/Src/main.o
 .debug_macro   0x0000000000016516       0x16 ./Core/Src/main.o
 .debug_macro   0x000000000001652c       0x35 ./Core/Src/main.o
 .debug_macro   0x0000000000016561      0x333 ./Core/Src/main.o
 .debug_macro   0x0000000000016894       0x10 ./Core/Src/main.o
 .debug_macro   0x00000000000168a4       0x16 ./Core/Src/main.o
 .debug_macro   0x00000000000168ba       0x43 ./Core/Src/main.o
 .debug_macro   0x00000000000168fd       0x34 ./Core/Src/main.o
 .debug_macro   0x0000000000016931       0x10 ./Core/Src/main.o
 .debug_macro   0x0000000000016941       0x58 ./Core/Src/main.o
 .debug_macro   0x0000000000016999       0x71 ./Core/Src/main.o
 .debug_macro   0x0000000000016a0a       0x1c ./Core/Src/main.o
 .debug_macro   0x0000000000016a26      0x12a ./Core/Src/main.o
 .debug_macro   0x0000000000016b50       0x10 ./Core/Src/main.o
 .debug_macro   0x0000000000016b60       0x1c ./Core/Src/main.o
 .debug_macro   0x0000000000016b7c       0x52 ./Core/Src/main.o
 .debug_macro   0x0000000000016bce       0x22 ./Core/Src/main.o
 .debug_macro   0x0000000000016bf0       0x10 ./Core/Src/main.o
 .debug_macro   0x0000000000016c00       0x40 ./Core/Src/main.o
 .debug_macro   0x0000000000016c40       0xd5 ./Core/Src/main.o
 .debug_macro   0x0000000000016d15       0x1c ./Core/Src/main.o
 .debug_macro   0x0000000000016d31       0x3d ./Core/Src/main.o
 .debug_macro   0x0000000000016d6e       0x16 ./Core/Src/main.o
 .debug_macro   0x0000000000016d84      0x145 ./Core/Src/main.o
 .debug_macro   0x0000000000016ec9       0x16 ./Core/Src/main.o
 .debug_macro   0x0000000000016edf       0x20 ./Core/Src/main.o
 .debug_macro   0x0000000000016eff      0x20f ./Core/Src/man_fsm.o
 .debug_macro   0x000000000001710e      0x1bc ./Core/Src/pdtlight.o
 .debug_macro   0x00000000000172ca      0x20f ./Core/Src/ped_fsm.o
 .debug_macro   0x00000000000174d9      0x1c2 ./Core/Src/software_timer.o
 .debug_macro   0x000000000001769b      0x1b2 ./Core/Src/stm32f1xx_hal_msp.o
 .debug_macro   0x000000000001784d      0x1bc ./Core/Src/stm32f1xx_it.o
 .debug_macro   0x0000000000017a09       0xff ./Core/Src/sysmem.o
 .debug_macro   0x0000000000017b08      0x23b ./Core/Src/sysmem.o
 .debug_macro   0x0000000000017d43      0x1a3 ./Core/Src/system_stm32f1xx.o
 .debug_macro   0x0000000000017ee6      0x1bc ./Core/Src/traffic1.o
 .debug_macro   0x00000000000180a2      0x1bc ./Core/Src/traffic2.o
 .debug_macro   0x000000000001825e      0x20f ./Core/Src/tun_fsm.o
 .debug_macro   0x000000000001846d      0x1c7 ./Drivers/STM32F1xx_HAL_Driver/Src/stm32f1xx_hal.o
 .debug_macro   0x0000000000018634      0x1a3 ./Drivers/STM32F1xx_HAL_Driver/Src/stm32f1xx_hal_cortex.o
 .debug_macro   0x00000000000187d7      0x1a3 ./Drivers/STM32F1xx_HAL_Driver/Src/stm32f1xx_hal_dma.o
 .debug_macro   0x000000000001897a      0x20e ./Drivers/STM32F1xx_HAL_Driver/Src/stm32f1xx_hal_gpio.o
 .debug_macro   0x0000000000018b88      0x1b5 ./Drivers/STM32F1xx_HAL_Driver/Src/stm32f1xx_hal_rcc.o
 .debug_macro   0x0000000000018d3d      0x1a4 ./Drivers/STM32F1xx_HAL_Driver/Src/stm32f1xx_hal_tim.o
 .debug_macro   0x0000000000018ee1      0x1a3 ./Drivers/STM32F1xx_HAL_Driver/Src/stm32f1xx_hal_tim_ex.o
 .debug_macro   0x0000000000019084      0x1a4 ./Drivers/STM32F1xx_HAL_Driver/Src/stm32f1xx_hal_uart.o

.debug_line     0x0000000000000000    0x115aa
 .debug_line    0x0000000000000000      0x78c ./Core/Src/auto_fsm.o
 .debug_line    0x000000000000078c      0x8bb ./Core/Src/button.o
 .debug_line    0x0000000000001047      0x6e8 ./Core/Src/buzzer.o
 .debug_line    0x000000000000172f      0x6bc ./Core/Src/global.o
 .debug_line    0x0000000000001deb      0xc39 ./Core/Src/main.o
 .debug_line    0x0000000000002a24      0x7c2 ./Core/Src/man_fsm.o
 .debug_line    0x00000000000031e6      0x6b2 ./Core/Src/pdtlight.o
 .debug_line    0x0000000000003898      0x723 ./Core/Src/ped_fsm.o
 .debug_line    0x0000000000003fbb      0x774 ./Core/Src/software_timer.o
 .debug_line    0x000000000000472f      0x75a ./Core/Src/stm32f1xx_hal_msp.o
 .debug_line    0x0000000000004e89      0x76f ./Core/Src/stm32f1xx_it.o
 .debug_line    0x00000000000055f8      0x4f8 ./Core/Src/sysmem.o
 .debug_line    0x0000000000005af0      0x6fb ./Core/Src/system_stm32f1xx.o
 .debug_line    0x00000000000061eb      0x6c7 ./Core/Src/traffic1.o
 .debug_line    0x00000000000068b2      0x6c7 ./Core/Src/traffic2.o
 .debug_line    0x0000000000006f79      0x7d9 ./Core/Src/tun_fsm.o
 .debug_line    0x0000000000007752       0x87 ./Core/Startup/startup_stm32f103rbtx.o
 .debug_line    0x00000000000077d9      0x928 ./Drivers/STM32F1xx_HAL_Driver/Src/stm32f1xx_hal.o
 .debug_line    0x0000000000008101      0xb10 ./Drivers/STM32F1xx_HAL_Driver/Src/stm32f1xx_hal_cortex.o
 .debug_line    0x0000000000008c11      0xd80 ./Drivers/STM32F1xx_HAL_Driver/Src/stm32f1xx_hal_dma.o
 .debug_line    0x0000000000009991      0x9bf ./Drivers/STM32F1xx_HAL_Driver/Src/stm32f1xx_hal_gpio.o
 .debug_line    0x000000000000a350      0xd36 ./Drivers/STM32F1xx_HAL_Driver/Src/stm32f1xx_hal_rcc.o
 .debug_line    0x000000000000b086     0x32d1 ./Drivers/STM32F1xx_HAL_Driver/Src/stm32f1xx_hal_tim.o
 .debug_line    0x000000000000e357     0x1850 ./Drivers/STM32F1xx_HAL_Driver/Src/stm32f1xx_hal_tim_ex.o
 .debug_line    0x000000000000fba7     0x1a03 ./Drivers/STM32F1xx_HAL_Driver/Src/stm32f1xx_hal_uart.o

.debug_str      0x0000000000000000    0x8b2b1
 .debug_str     0x0000000000000000    0x83911 ./Core/Src/auto_fsm.o
                                      0x83d08 (size before relaxing)
 .debug_str     0x0000000000083911      0x1c1 ./Core/Src/button.o
                                      0x837bf (size before relaxing)
 .debug_str     0x0000000000083ad2       0x2c ./Core/Src/buzzer.o
                                      0x83cff (size before relaxing)
 .debug_str     0x0000000000083afe       0x15 ./Core/Src/global.o
                                      0x83cee (size before relaxing)
 .debug_str     0x0000000000083b13     0x4691 ./Core/Src/main.o
                                      0x8846c (size before relaxing)
 .debug_str     0x00000000000881a4       0x22 ./Core/Src/man_fsm.o
                                      0x83d05 (size before relaxing)
 .debug_str     0x00000000000881c6       0x32 ./Core/Src/pdtlight.o
                                      0x835d4 (size before relaxing)
 .debug_str     0x00000000000881f8       0x22 ./Core/Src/ped_fsm.o
                                      0x83d05 (size before relaxing)
 .debug_str     0x000000000008821a       0xac ./Core/Src/software_timer.o
                                      0x83666 (size before relaxing)
 .debug_str     0x00000000000882c6      0x331 ./Core/Src/stm32f1xx_hal_msp.o
                                      0x8402d (size before relaxing)
 .debug_str     0x00000000000885f7       0xdf ./Core/Src/stm32f1xx_it.o
                                      0x83ce8 (size before relaxing)
 .debug_str     0x00000000000886d6      0x4e9 ./Core/Src/sysmem.o
                                       0x6259 (size before relaxing)
 .debug_str     0x0000000000088bbf       0x52 ./Core/Src/system_stm32f1xx.o
                                      0x83451 (size before relaxing)
 .debug_str     0x0000000000088c11       0x3b ./Core/Src/traffic1.o
                                      0x835dc (size before relaxing)
 .debug_str     0x0000000000088c4c       0x3b ./Core/Src/traffic2.o
                                      0x835dc (size before relaxing)
 .debug_str     0x0000000000088c87       0x22 ./Core/Src/tun_fsm.o
                                      0x83d05 (size before relaxing)
 .debug_str     0x0000000000088ca9       0x36 ./Core/Startup/startup_stm32f103rbtx.o
                                         0x6d (size before relaxing)
 .debug_str     0x0000000000088cdf      0x304 ./Drivers/STM32F1xx_HAL_Driver/Src/stm32f1xx_hal.o
                                      0x83ae2 (size before relaxing)
 .debug_str     0x0000000000088fe3      0x300 ./Drivers/STM32F1xx_HAL_Driver/Src/stm32f1xx_hal_cortex.o
                                      0x83aea (size before relaxing)
 .debug_str     0x00000000000892e3      0x235 ./Drivers/STM32F1xx_HAL_Driver/Src/stm32f1xx_hal_dma.o
                                      0x8382c (size before relaxing)
 .debug_str     0x0000000000089518      0x31f ./Drivers/STM32F1xx_HAL_Driver/Src/stm32f1xx_hal_gpio.o
                                      0x83815 (size before relaxing)
 .debug_str     0x0000000000089837      0x24f ./Drivers/STM32F1xx_HAL_Driver/Src/stm32f1xx_hal_rcc.o
                                      0x8384e (size before relaxing)
 .debug_str     0x0000000000089a86      0xd68 ./Drivers/STM32F1xx_HAL_Driver/Src/stm32f1xx_hal_tim.o
                                      0x84820 (size before relaxing)
 .debug_str     0x000000000008a7ee      0x4ee ./Drivers/STM32F1xx_HAL_Driver/Src/stm32f1xx_hal_tim_ex.o
                                      0x83fd1 (size before relaxing)
 .debug_str     0x000000000008acdc      0x5d5 ./Drivers/STM32F1xx_HAL_Driver/Src/stm32f1xx_hal_uart.o
                                      0x83e40 (size before relaxing)

.comment        0x0000000000000000       0x53
 .comment       0x0000000000000000       0x53 ./Core/Src/auto_fsm.o
                                         0x54 (size before relaxing)
 .comment       0x0000000000000053       0x54 ./Core/Src/button.o
 .comment       0x0000000000000053       0x54 ./Core/Src/buzzer.o
 .comment       0x0000000000000053       0x54 ./Core/Src/global.o
 .comment       0x0000000000000053       0x54 ./Core/Src/main.o
 .comment       0x0000000000000053       0x54 ./Core/Src/man_fsm.o
 .comment       0x0000000000000053       0x54 ./Core/Src/pdtlight.o
 .comment       0x0000000000000053       0x54 ./Core/Src/ped_fsm.o
 .comment       0x0000000000000053       0x54 ./Core/Src/software_timer.o
 .comment       0x0000000000000053       0x54 ./Core/Src/stm32f1xx_hal_msp.o
 .comment       0x0000000000000053       0x54 ./Core/Src/stm32f1xx_it.o
 .comment       0x0000000000000053       0x54 ./Core/Src/sysmem.o
 .comment       0x0000000000000053       0x54 ./Core/Src/system_stm32f1xx.o
 .comment       0x0000000000000053       0x54 ./Core/Src/traffic1.o
 .comment       0x0000000000000053       0x54 ./Core/Src/traffic2.o
 .comment       0x0000000000000053       0x54 ./Core/Src/tun_fsm.o
 .comment       0x0000000000000053       0x54 ./Drivers/STM32F1xx_HAL_Driver/Src/stm32f1xx_hal.o
 .comment       0x0000000000000053       0x54 ./Drivers/STM32F1xx_HAL_Driver/Src/stm32f1xx_hal_cortex.o
 .comment       0x0000000000000053       0x54 ./Drivers/STM32F1xx_HAL_Driver/Src/stm32f1xx_hal_dma.o
 .comment       0x0000000000000053       0x54 ./Drivers/STM32F1xx_HAL_Driver/Src/stm32f1xx_hal_gpio.o
 .comment       0x0000000000000053       0x54 ./Drivers/STM32F1xx_HAL_Driver/Src/stm32f1xx_hal_rcc.o
 .comment       0x0000000000000053       0x54 ./Drivers/STM32F1xx_HAL_Driver/Src/stm32f1xx_hal_tim.o
 .comment       0x0000000000000053       0x54 ./Drivers/STM32F1xx_HAL_Driver/Src/stm32f1xx_hal_tim_ex.o
 .comment       0x0000000000000053       0x54 ./Drivers/STM32F1xx_HAL_Driver/Src/stm32f1xx_hal_uart.o

.debug_frame    0x0000000000000000     0x3b40
 .debug_frame   0x0000000000000000       0x2c ./Core/Src/auto_fsm.o
 .debug_frame   0x000000000000002c      0x180 ./Core/Src/button.o
 .debug_frame   0x00000000000001ac       0x50 ./Core/Src/buzzer.o
 .debug_frame   0x00000000000001fc      0x174 ./Core/Src/main.o
 .debug_frame   0x0000000000000370       0x2c ./Core/Src/man_fsm.o
 .debug_frame   0x000000000000039c       0x64 ./Core/Src/pdtlight.o
 .debug_frame   0x0000000000000400       0x2c ./Core/Src/ped_fsm.o
 .debug_frame   0x000000000000042c       0xf8 ./Core/Src/software_timer.o
 .debug_frame   0x0000000000000524       0xec ./Core/Src/stm32f1xx_hal_msp.o
 .debug_frame   0x0000000000000610      0x13c ./Core/Src/stm32f1xx_it.o
 .debug_frame   0x000000000000074c       0x34 ./Core/Src/sysmem.o
 .debug_frame   0x0000000000000780       0x58 ./Core/Src/system_stm32f1xx.o
 .debug_frame   0x00000000000007d8       0x80 ./Core/Src/traffic1.o
 .debug_frame   0x0000000000000858       0x80 ./Core/Src/traffic2.o
 .debug_frame   0x00000000000008d8       0x2c ./Core/Src/tun_fsm.o
 .debug_frame   0x0000000000000904      0x334 ./Drivers/STM32F1xx_HAL_Driver/Src/stm32f1xx_hal.o
 .debug_frame   0x0000000000000c38      0x428 ./Drivers/STM32F1xx_HAL_Driver/Src/stm32f1xx_hal_cortex.o
 .debug_frame   0x0000000000001060      0x208 ./Drivers/STM32F1xx_HAL_Driver/Src/stm32f1xx_hal_dma.o
 .debug_frame   0x0000000000001268      0x14c ./Drivers/STM32F1xx_HAL_Driver/Src/stm32f1xx_hal_gpio.o
 .debug_frame   0x00000000000013b4      0x21c ./Drivers/STM32F1xx_HAL_Driver/Src/stm32f1xx_hal_rcc.o
 .debug_frame   0x00000000000015d0     0x11b8 ./Drivers/STM32F1xx_HAL_Driver/Src/stm32f1xx_hal_tim.o
 .debug_frame   0x0000000000002788      0x638 ./Drivers/STM32F1xx_HAL_Driver/Src/stm32f1xx_hal_tim_ex.o
 .debug_frame   0x0000000000002dc0      0x914 ./Drivers/STM32F1xx_HAL_Driver/Src/stm32f1xx_hal_uart.o
 .debug_frame   0x00000000000036d4       0x20 c:/st/stm32cubeide_1.7.0/stm32cubeide/plugins/com.st.stm32cube.ide.mcu.externaltools.gnu-tools-for-stm32.9-2020-q2-update.win32_2.0.0.202105311346/tools/bin/../lib/gcc/arm-none-eabi/9.3.1/../../../../arm-none-eabi/lib/thumb/v7-m/nofp\libc_nano.a(lib_a-errno.o)
 .debug_frame   0x00000000000036f4       0x2c c:/st/stm32cubeide_1.7.0/stm32cubeide/plugins/com.st.stm32cube.ide.mcu.externaltools.gnu-tools-for-stm32.9-2020-q2-update.win32_2.0.0.202105311346/tools/bin/../lib/gcc/arm-none-eabi/9.3.1/../../../../arm-none-eabi/lib/thumb/v7-m/nofp\libc_nano.a(lib_a-init.o)
 .debug_frame   0x0000000000003720       0x20 c:/st/stm32cubeide_1.7.0/stm32cubeide/plugins/com.st.stm32cube.ide.mcu.externaltools.gnu-tools-for-stm32.9-2020-q2-update.win32_2.0.0.202105311346/tools/bin/../lib/gcc/arm-none-eabi/9.3.1/../../../../arm-none-eabi/lib/thumb/v7-m/nofp\libc_nano.a(lib_a-memset.o)
 .debug_frame   0x0000000000003740       0x6c c:/st/stm32cubeide_1.7.0/stm32cubeide/plugins/com.st.stm32cube.ide.mcu.externaltools.gnu-tools-for-stm32.9-2020-q2-update.win32_2.0.0.202105311346/tools/bin/../lib/gcc/arm-none-eabi/9.3.1/../../../../arm-none-eabi/lib/thumb/v7-m/nofp\libc_nano.a(lib_a-sprintf.o)
 .debug_frame   0x00000000000037ac       0x90 c:/st/stm32cubeide_1.7.0/stm32cubeide/plugins/com.st.stm32cube.ide.mcu.externaltools.gnu-tools-for-stm32.9-2020-q2-update.win32_2.0.0.202105311346/tools/bin/../lib/gcc/arm-none-eabi/9.3.1/../../../../arm-none-eabi/lib/thumb/v7-m/nofp\libc_nano.a(lib_a-nano-svfprintf.o)
 .debug_frame   0x000000000000383c       0x60 c:/st/stm32cubeide_1.7.0/stm32cubeide/plugins/com.st.stm32cube.ide.mcu.externaltools.gnu-tools-for-stm32.9-2020-q2-update.win32_2.0.0.202105311346/tools/bin/../lib/gcc/arm-none-eabi/9.3.1/../../../../arm-none-eabi/lib/thumb/v7-m/nofp\libc_nano.a(lib_a-nano-vfprintf_i.o)
 .debug_frame   0x000000000000389c       0x28 c:/st/stm32cubeide_1.7.0/stm32cubeide/plugins/com.st.stm32cube.ide.mcu.externaltools.gnu-tools-for-stm32.9-2020-q2-update.win32_2.0.0.202105311346/tools/bin/../lib/gcc/arm-none-eabi/9.3.1/../../../../arm-none-eabi/lib/thumb/v7-m/nofp\libc_nano.a(lib_a-memchr-stub.o)
 .debug_frame   0x00000000000038c4       0x28 c:/st/stm32cubeide_1.7.0/stm32cubeide/plugins/com.st.stm32cube.ide.mcu.externaltools.gnu-tools-for-stm32.9-2020-q2-update.win32_2.0.0.202105311346/tools/bin/../lib/gcc/arm-none-eabi/9.3.1/../../../../arm-none-eabi/lib/thumb/v7-m/nofp\libc_nano.a(lib_a-memcpy-stub.o)